Archive member included to satisfy reference by file (symbol)

../DaisyExamples/libDaisy//build/libdaisy.a(daisy_patch_sm.o)
                              build/adsr-experiment.o (daisy::patch_sm::DaisyPatchSM::Init())
../DaisyExamples/libDaisy//build/libdaisy.a(codec_pcm3060.o)
                              ../DaisyExamples/libDaisy//build/libdaisy.a(daisy_patch_sm.o) (daisy::Pcm3060::Init(daisy::I2CHandle))
../DaisyExamples/libDaisy//build/libdaisy.a(sdram.o)
                              ../DaisyExamples/libDaisy//build/libdaisy.a(daisy_patch_sm.o) (SdramHandle::Init())
../DaisyExamples/libDaisy//build/libdaisy.a(audio.o)
                              ../DaisyExamples/libDaisy//build/libdaisy.a(daisy_patch_sm.o) (daisy::AudioHandle::Init(daisy::AudioHandle::Config const&, daisy::SaiHandle))
../DaisyExamples/libDaisy//build/libdaisy.a(ctrl.o)
                              ../DaisyExamples/libDaisy//build/libdaisy.a(daisy_patch_sm.o) (daisy::AnalogControl::Init(unsigned short*, float, bool, bool, float))
../DaisyExamples/libDaisy//build/libdaisy.a(gatein.o)
                              ../DaisyExamples/libDaisy//build/libdaisy.a(daisy_patch_sm.o) (daisy::GateIn::Init(dsy_gpio_pin*, bool))
../DaisyExamples/libDaisy//build/libdaisy.a(logger.o)
                              build/adsr-experiment.o (daisy::Logger<(daisy::LoggerDestination)1>::PrintLine(char const*, ...))
../DaisyExamples/libDaisy//build/libdaisy.a(switch.o)
                              build/adsr-experiment.o (daisy::Switch::Init(dsy_gpio_pin, float))
../DaisyExamples/libDaisy//build/libdaisy.a(usb.o)
                              ../DaisyExamples/libDaisy//build/libdaisy.a(logger.o) (daisy::UsbHandle::Init(daisy::UsbHandle::UsbPeriph))
../DaisyExamples/libDaisy//build/libdaisy.a(adc.o)
                              ../DaisyExamples/libDaisy//build/libdaisy.a(daisy_patch_sm.o) (daisy::AdcChannelConfig::InitSingle(dsy_gpio_pin))
../DaisyExamples/libDaisy//build/libdaisy.a(dac.o)
                              ../DaisyExamples/libDaisy//build/libdaisy.a(daisy_patch_sm.o) (daisy::DacHandle::Init(daisy::DacHandle::Config const&))
../DaisyExamples/libDaisy//build/libdaisy.a(gpio.o)
                              ../DaisyExamples/libDaisy//build/libdaisy.a(daisy_patch_sm.o) (dsy_gpio_init)
../DaisyExamples/libDaisy//build/libdaisy.a(i2c.o)
                              ../DaisyExamples/libDaisy//build/libdaisy.a(daisy_patch_sm.o) (daisy::I2CHandle::Init(daisy::I2CHandle::Config const&))
../DaisyExamples/libDaisy//build/libdaisy.a(qspi.o)
                              ../DaisyExamples/libDaisy//build/libdaisy.a(daisy_patch_sm.o) (daisy::QSPIHandle::Init(daisy::QSPIHandle::Config const&))
../DaisyExamples/libDaisy//build/libdaisy.a(sai.o)
                              ../DaisyExamples/libDaisy//build/libdaisy.a(daisy_patch_sm.o) (daisy::SaiHandle::Init(daisy::SaiHandle::Config const&))
../DaisyExamples/libDaisy//build/libdaisy.a(system.o)
                              ../DaisyExamples/libDaisy//build/libdaisy.a(switch.o) (daisy::System::GetNow())
../DaisyExamples/libDaisy//build/libdaisy.a(system_stm32h7xx.o)
                              build/startup_stm32h750xx.o (SystemInit)
../DaisyExamples/libDaisy//build/libdaisy.a(usbd_cdc_if.o)
                              ../DaisyExamples/libDaisy//build/libdaisy.a(usb.o) (CDC_Transmit_FS)
../DaisyExamples/libDaisy//build/libdaisy.a(usbd_conf.o)
                              ../DaisyExamples/libDaisy//build/libdaisy.a(system.o) (hpcd_USB_OTG_HS)
../DaisyExamples/libDaisy//build/libdaisy.a(usbd_desc.o)
                              ../DaisyExamples/libDaisy//build/libdaisy.a(usb.o) (HS_Desc)
../DaisyExamples/libDaisy//build/libdaisy.a(usbh_conf.o)
                              ../DaisyExamples/libDaisy//build/libdaisy.a(system.o) (hhcd_USB_OTG_HS)
../DaisyExamples/libDaisy//build/libdaisy.a(hal_map.o)
                              ../DaisyExamples/libDaisy//build/libdaisy.a(gpio.o) (dsy_hal_map_get_port)
../DaisyExamples/libDaisy//build/libdaisy.a(stm32h7xx_hal.o)
                              ../DaisyExamples/libDaisy//build/libdaisy.a(system.o) (HAL_Init)
../DaisyExamples/libDaisy//build/libdaisy.a(stm32h7xx_hal_adc.o)
                              ../DaisyExamples/libDaisy//build/libdaisy.a(adc.o) (HAL_ADC_ConfigChannel)
../DaisyExamples/libDaisy//build/libdaisy.a(stm32h7xx_hal_adc_ex.o)
                              ../DaisyExamples/libDaisy//build/libdaisy.a(adc.o) (HAL_ADCEx_Calibration_Start)
../DaisyExamples/libDaisy//build/libdaisy.a(stm32h7xx_hal_cortex.o)
                              ../DaisyExamples/libDaisy//build/libdaisy.a(stm32h7xx_hal.o) (HAL_NVIC_SetPriorityGrouping)
../DaisyExamples/libDaisy//build/libdaisy.a(stm32h7xx_hal_dac.o)
                              ../DaisyExamples/libDaisy//build/libdaisy.a(dac.o) (HAL_DAC_Init)
../DaisyExamples/libDaisy//build/libdaisy.a(stm32h7xx_hal_dac_ex.o)
[...]
Memory Configuration

Name             Origin             Length             Attributes
FLASH            0x0000000008000000 0x0000000000020000 xr
DTCMRAM          0x0000000020000000 0x0000000000020000 xrw
SRAM             0x0000000024000000 0x0000000000080000 xrw
RAM_D2           0x0000000030000000 0x0000000000048000 xrw
RAM_D3           0x0000000038000000 0x0000000000010000 xrw
ITCMRAM          0x0000000000000000 0x0000000000010000 xrw
SDRAM            0x00000000c0000000 0x0000000004000000 xrw
QSPIFLASH        0x0000000090000000 0x0000000000800000 xr
*default*        0x0000000000000000 0xffffffffffffffff

Linker script and memory map

LOAD /usr/local/Cellar/arm-none-eabi-gcc/10.3-2021.07/gcc/bin/../lib/gcc/arm-none-eabi/10.3.1/thumb/v7e-m+dp/hard/crti.o
LOAD /usr/local/Cellar/arm-none-eabi-gcc/10.3-2021.07/gcc/bin/../lib/gcc/arm-none-eabi/10.3.1/thumb/v7e-m+dp/hard/crtbegin.o
LOAD /usr/local/Cellar/arm-none-eabi-gcc/10.3-2021.07/gcc/bin/../lib/gcc/arm-none-eabi/10.3.1/../../../../arm-none-eabi/lib/thumb/v7e-m+dp/hard/crt0.o
LOAD build/startup_stm32h750xx.o
LOAD build/adsr-experiment.o
LOAD build/OkayAdsr.o
LOAD ../DaisyExamples/libDaisy//build/libdaisy.a
LOAD /usr/local/Cellar/arm-none-eabi-gcc/10.3-2021.07/gcc/bin/../lib/gcc/arm-none-eabi/10.3.1/../../../../arm-none-eabi/lib/thumb/v7e-m+dp/hard/libnosys.a
LOAD ../DaisyExamples/DaisySP//build/libdaisysp.a
LOAD /usr/local/Cellar/arm-none-eabi-gcc/10.3-2021.07/gcc/bin/../lib/gcc/arm-none-eabi/10.3.1/../../../../arm-none-eabi/lib/thumb/v7e-m+dp/hard/libstdc++_nano.a
LOAD /usr/local/Cellar/arm-none-eabi-gcc/10.3-2021.07/gcc/bin/../lib/gcc/arm-none-eabi/10.3.1/../../../../arm-none-eabi/lib/thumb/v7e-m+dp/hard/libm.a
LOAD /usr/local/Cellar/arm-none-eabi-gcc/10.3-2021.07/gcc/bin/../lib/gcc/arm-none-eabi/10.3.1/../../../../arm-none-eabi/lib/thumb/v7e-m+dp/hard/libc_nano.a
START GROUP
LOAD /usr/local/Cellar/arm-none-eabi-gcc/10.3-2021.07/gcc/bin/../lib/gcc/arm-none-eabi/10.3.1/thumb/v7e-m+dp/hard/libgcc.a
LOAD /usr/local/Cellar/arm-none-eabi-gcc/10.3-2021.07/gcc/bin/../lib/gcc/arm-none-eabi/10.3.1/../../../../arm-none-eabi/lib/thumb/v7e-m+dp/hard/libc_nano.a
END GROUP
START GROUP
LOAD /usr/local/Cellar/arm-none-eabi-gcc/10.3-2021.07/gcc/bin/../lib/gcc/arm-none-eabi/10.3.1/thumb/v7e-m+dp/hard/libgcc.a
LOAD /usr/local/Cellar/arm-none-eabi-gcc/10.3-2021.07/gcc/bin/../lib/gcc/arm-none-eabi/10.3.1/../../../../arm-none-eabi/lib/thumb/v7e-m+dp/hard/libc_nano.a
LOAD /usr/local/Cellar/arm-none-eabi-gcc/10.3-2021.07/gcc/bin/../lib/gcc/arm-none-eabi/10.3.1/../../../../arm-none-eabi/lib/thumb/v7e-m+dp/hard/libnosys.a
END GROUP
START GROUP
LOAD /usr/local/Cellar/arm-none-eabi-gcc/10.3-2021.07/gcc/bin/../lib/gcc/arm-none-eabi/10.3.1/thumb/v7e-m+dp/hard/libgcc.a
LOAD /usr/local/Cellar/arm-none-eabi-gcc/10.3-2021.07/gcc/bin/../lib/gcc/arm-none-eabi/10.3.1/../../../../arm-none-eabi/lib/thumb/v7e-m+dp/hard/libc_nano.a
LOAD /usr/local/Cellar/arm-none-eabi-gcc/10.3-2021.07/gcc/bin/../lib/gcc/arm-none-eabi/10.3.1/../../../../arm-none-eabi/lib/thumb/v7e-m+dp/hard/libnosys.a
END GROUP
LOAD /usr/local/Cellar/arm-none-eabi-gcc/10.3-2021.07/gcc/bin/../lib/gcc/arm-none-eabi/10.3.1/thumb/v7e-m+dp/hard/crtend.o
LOAD /usr/local/Cellar/arm-none-eabi-gcc/10.3-2021.07/gcc/bin/../lib/gcc/arm-none-eabi/10.3.1/thumb/v7e-m+dp/hard/crtn.o
                0x0000000020020000                _estack = 0x20020000

.isr_vector     0x0000000008000000      0x298
                0x0000000008000000                . = ALIGN (0x4)
 *(.isr_vector)
 .isr_vector    0x0000000008000000      0x298 build/startup_stm32h750xx.o
                0x0000000008000000                g_pfnVectors
                0x0000000008000298                . = ALIGN (0x4)

.text           0x00000000080002a0    0x14d94
                0x00000000080002a0                . = ALIGN (0x4)
                0x00000000080002a0                _stext = .
 *(.text)
 .text          0x00000000080002a0       0x40 /usr/local/Cellar/arm-none-eabi-gcc/10.3-2021.07/gcc/bin/../lib/gcc/arm-none-eabi/10.3.1/thumb/v7e-m+dp/hard/crtbegin.o
 .text          0x00000000080002e0       0x10 /usr/local/Cellar/arm-none-eabi-gcc/10.3-2021.07/gcc/bin/../lib/gcc/arm-none-eabi/10.3.1/../../../../arm-none-eabi/lib/thumb/v7e-m+dp/hard/libc_nano.a(lib_a-strlen.o)
                0x00000000080002e0                strlen
 .text          0x00000000080002f0       0xa0 /usr/local/Cellar/arm-none-eabi-gcc/10.3-2021.07/gcc/bin/../lib/gcc/arm-none-eabi/10.3.1/../../../../arm-none-eabi/lib/thumb/v7e-m+dp/hard/libc_nano.a(lib_a-memchr.o)
                0x00000000080002f0                memchr
 .text          0x0000000008000390       0x30 /usr/local/Cellar/arm-none-eabi-gcc/10.3-2021.07/gcc/bin/../lib/gcc/arm-none-eabi/10.3.1/thumb/v7e-m+dp/hard/libgcc.a(_aeabi_uldivmod.o)
                0x0000000008000390                __aeabi_uldivmod
 .text          0x00000000080003c0      0x2d0 /usr/local/Cellar/arm-none-eabi-gcc/10.3-2021.07/gcc/bin/../lib/gcc/arm-none-eabi/10.3.1/thumb/v7e-m+dp/hard/libgcc.a(_udivmoddi4.o)
                0x00000000080003c0                __udivmoddi4
 .text          0x0000000008000690        0x4 /usr/local/Cellar/arm-none-eabi-gcc/10.3-2021.07/gcc/bin/../lib/gcc/arm-none-eabi/10.3.1/thumb/v7e-m+dp/hard/libgcc.a(_dvmd_tls.o)
                0x0000000008000690                __aeabi_ldiv0
                0x0000000008000690                __aeabi_idiv0
 *(.text*)
 .text.Default_Handler
                0x0000000008000694        0x4 build/startup_stm32h750xx.o
                0x0000000008000694                SAI1_IRQHandler
                0x0000000008000694                HASH_RNG_IRQHandler
                0x0000000008000694                EXTI2_IRQHandler
                0x0000000008000694                TIM8_CC_IRQHandler
                0x0000000008000694                HRTIM1_Master_IRQHandler
                0x0000000008000694                DebugMon_Handler
                0x0000000008000694                TIM1_CC_IRQHandler
                0x0000000008000694                BDMA_Channel6_IRQHandler
                0x0000000008000694                DMA2_Stream5_IRQHandler
                0x0000000008000694                HRTIM1_FLT_IRQHandler
                0x0000000008000694                JPEG_IRQHandler
                0x0000000008000694                BDMA_Channel1_IRQHandler
                0x0000000008000694                HRTIM1_TIMD_IRQHandler
                0x0000000008000694                TAMP_STAMP_IRQHandler
                0x0000000008000694                PendSV_Handler
                0x0000000008000694                NMI_Handler
                0x0000000008000694                EXTI3_IRQHandler
                0x0000000008000694                LPTIM4_IRQHandler
                0x0000000008000694                TIM8_TRG_COM_TIM14_IRQHandler
                0x0000000008000694                LPTIM2_IRQHandler
                0x0000000008000694                DFSDM1_FLT1_IRQHandler
                0x0000000008000694                DMAMUX2_OVR_IRQHandler
                0x0000000008000694                TIM8_UP_TIM13_IRQHandler
                0x0000000008000694                I2C3_ER_IRQHandler
                0x0000000008000694                DFSDM1_FLT2_IRQHandler
                0x0000000008000694                MDMA_IRQHandler
                0x0000000008000694                LPTIM3_IRQHandler
                0x0000000008000694                HSEM1_IRQHandler
                0x0000000008000694                EXTI0_IRQHandler
                0x0000000008000694                FPU_IRQHandler
                0x0000000008000694                OTG_HS_WKUP_IRQHandler
                0x0000000008000694                FDCAN1_IT1_IRQHandler
                0x0000000008000694                UsageFault_Handler
                0x0000000008000694                LTDC_ER_IRQHandler
                0x0000000008000694                HRTIM1_TIME_IRQHandler
                0x0000000008000694                DCMI_IRQHandler
                0x0000000008000694                HRTIM1_TIMC_IRQHandler
                0x0000000008000694                SAI2_IRQHandler
                0x0000000008000694                DFSDM1_FLT3_IRQHandler
                0x0000000008000694                TIM17_IRQHandler
                0x0000000008000694                CRYP_IRQHandler
                0x0000000008000694                BDMA_Channel7_IRQHandler
                0x0000000008000694                LPTIM5_IRQHandler
                0x0000000008000694                ADC3_IRQHandler
                0x0000000008000694                BDMA_Channel2_IRQHandler
                0x0000000008000694                DMAMUX1_OVR_IRQHandler
                0x0000000008000694                TIM16_IRQHandler
                0x0000000008000694                BDMA_Channel5_IRQHandler
                0x0000000008000694                RCC_IRQHandler
                0x0000000008000694                TIM8_BRK_TIM12_IRQHandler
                0x0000000008000694                TIM1_TRG_COM_IRQHandler
                0x0000000008000694                Default_Handler
                0x0000000008000694                ECC_IRQHandler
                0x0000000008000694                CEC_IRQHandler
                0x0000000008000694                EXTI15_10_IRQHandler
                0x0000000008000694                BDMA_Channel0_IRQHandler
                0x0000000008000694                ADC_IRQHandler
                0x0000000008000694                DMA1_Stream7_IRQHandler
                0x0000000008000694                HRTIM1_TIMA_IRQHandler
                0x0000000008000694                TIM7_IRQHandler
                0x0000000008000694                SDMMC1_IRQHandler
                0x0000000008000694                DMA2_Stream7_IRQHandler
                0x0000000008000694                TIM15_IRQHandler
                0x0000000008000694                PVD_AVD_IRQHandler
                0x0000000008000694                EXTI9_5_IRQHandler
                0x0000000008000694                RTC_WKUP_IRQHandler
                0x0000000008000694                LTDC_IRQHandler
                0x0000000008000694                SAI3_IRQHandler
                0x0000000008000694                ETH_WKUP_IRQHandler
                0x0000000008000694                SPDIF_RX_IRQHandler
                0x0000000008000694                MemManage_Handler
                0x0000000008000694                SVC_Handler
                0x0000000008000694                CRS_IRQHandler
                0x0000000008000694                EXTI4_IRQHandler
                0x0000000008000694                HRTIM1_TIMB_IRQHandler
                0x0000000008000694                FDCAN2_IT1_IRQHandler
                0x0000000008000694                ETH_IRQHandler
                0x0000000008000694                TIM1_UP_IRQHandler
                0x0000000008000694                BDMA_Channel4_IRQHandler
                0x0000000008000694                WWDG_IRQHandler
                0x0000000008000694                SPI6_IRQHandler
                0x0000000008000694                I2C4_EV_IRQHandler
                0x0000000008000694                MDIOS_IRQHandler
                0x0000000008000694                FDCAN2_IT0_IRQHandler
                0x0000000008000694                FDCAN1_IT0_IRQHandler
                0x0000000008000694                OTG_FS_WKUP_IRQHandler
                0x0000000008000694                DMA2D_IRQHandler
                0x0000000008000694                TIM1_BRK_IRQHandler
                0x0000000008000694                EXTI1_IRQHandler
                0x0000000008000694                SDMMC2_IRQHandler
                0x0000000008000694                BDMA_Channel3_IRQHandler
                0x0000000008000694                MDIOS_WKUP_IRQHandler
                0x0000000008000694                DFSDM1_FLT0_IRQHandler
                0x0000000008000694                SAI4_IRQHandler
                0x0000000008000694                I2C2_ER_IRQHandler
                0x0000000008000694                FLASH_IRQHandler
                0x0000000008000694                BusFault_Handler
                0x0000000008000694                WAKEUP_PIN_IRQHandler
                0x0000000008000694                I2C1_ER_IRQHandler
                0x0000000008000694                FMC_IRQHandler
                0x0000000008000694                FDCAN_CAL_IRQHandler
                0x0000000008000694                SWPMI1_IRQHandler
                0x0000000008000694                COMP1_IRQHandler
                0x0000000008000694                LPTIM1_IRQHandler
                0x0000000008000694                I2C4_ER_IRQHandler
                0x0000000008000694                DMA2_Stream6_IRQHandler
                0x0000000008000694                RTC_Alarm_IRQHandler
 .text.Reset_Handler
                0x0000000008000698       0x44 build/startup_stm32h750xx.o
                0x0000000008000698                Reset_Handler
 .text._ZN5daisy6SwitchD2Ev
                0x00000000080006dc        0x4 build/adsr-experiment.o
                0x00000000080006dc                daisy::Switch::~Switch()
                0x00000000080006dc                daisy::Switch::~Switch()
 .text._ZN5daisy8patch_sm12DaisyPatchSMD2Ev
                0x00000000080006e0        0x4 build/adsr-experiment.o
                0x00000000080006e0                daisy::patch_sm::DaisyPatchSM::~DaisyPatchSM()
                0x00000000080006e0                daisy::patch_sm::DaisyPatchSM::~DaisyPatchSM()
 *fill*         0x00000000080006e4        0x4 
 .text._Z11DacCallbackPPtj
                0x00000000080006e8       0xe0 build/adsr-experiment.o
                0x00000000080006e8                DacCallback(unsigned short**, unsigned int)
 .text.startup.main
                0x00000000080007c8       0x9c build/adsr-experiment.o
                0x00000000080007c8                main
 .text.startup._GLOBAL__sub_I_hw
                0x0000000008000864       0x50 build/adsr-experiment.o
 .text._ZN8OkayAdsr4initEff
                0x00000000080008b4       0x10 build/OkayAdsr.o
                0x00000000080008b4                OkayAdsr::init(float, float)
 .text._ZN8OkayAdsr9setAttackEf
                0x00000000080008c4       0x3c build/OkayAdsr.o
                0x00000000080008c4                OkayAdsr::setAttack(float)
 .text._ZN8OkayAdsr8setDecayEf
                0x0000000008000900       0x3c build/OkayAdsr.o
                0x0000000008000900                OkayAdsr::setDecay(float)
 .text._ZN8OkayAdsr4tickEi
                0x000000000800093c       0xbc build/OkayAdsr.o
                0x000000000800093c                OkayAdsr::tick(int)
 .text._ZN5daisy8patch_sm12DaisyPatchSM4Impl19InternalDacCallbackEPPtj
                0x00000000080009f8       0xa8 ../DaisyExamples/libDaisy//build/libdaisy.a(daisy_patch_sm.o)
                0x00000000080009f8                daisy::patch_sm::DaisyPatchSM::Impl::InternalDacCallback(unsigned short**, unsigned int)
 .text._ZN5daisy8patch_sm12DaisyPatchSM4InitEv
                0x0000000008000aa0      0x27c ../DaisyExamples/libDaisy//build/libdaisy.a(daisy_patch_sm.o)
                0x0000000008000aa0                daisy::patch_sm::DaisyPatchSM::Init()
 .text._ZN5daisy8patch_sm12DaisyPatchSM17SetAudioBlockSizeEj
                0x0000000008000d1c       0x54 ../DaisyExamples/libDaisy//build/libdaisy.a(daisy_patch_sm.o)
                0x0000000008000d1c                daisy::patch_sm::DaisyPatchSM::SetAudioBlockSize(unsigned int)
 .text._ZN5daisy8patch_sm12DaisyPatchSM18SetAudioSampleRateENS_9SaiHandle6Config10SampleRateE
                0x0000000008000d70       0x54 ../DaisyExamples/libDaisy//build/libdaisy.a(daisy_patch_sm.o)
                0x0000000008000d70                daisy::patch_sm::DaisyPatchSM::SetAudioSampleRate(daisy::SaiHandle::Config::SampleRate)
 .text._ZN5daisy8patch_sm12DaisyPatchSM21ProcessAnalogControlsEv
                0x0000000008000dc4       0x18 ../DaisyExamples/libDaisy//build/libdaisy.a(daisy_patch_sm.o)
                0x0000000008000dc4                daisy::patch_sm::DaisyPatchSM::ProcessAnalogControls()
 .text._ZN5daisy8patch_sm12DaisyPatchSM11GetAdcValueEi
                0x0000000008000ddc        0xc ../DaisyExamples/libDaisy//build/libdaisy.a(daisy_patch_sm.o)
                0x0000000008000ddc                daisy::patch_sm::DaisyPatchSM::GetAdcValue(int)
 .text._ZN5daisy8patch_sm12DaisyPatchSM8StartDacEPFvPPtjE
                0x0000000008000de8       0x44 ../DaisyExamples/libDaisy//build/libdaisy.a(daisy_patch_sm.o)
                0x0000000008000de8                daisy::patch_sm::DaisyPatchSM::StartDac(void (*)(unsigned short**, unsigned int))
 .text.startup._GLOBAL__sub_I__ZN5daisy8patch_sm12DaisyPatchSM2A1E
                0x0000000008000e2c       0x28 ../DaisyExamples/libDaisy//build/libdaisy.a(daisy_patch_sm.o)
 .text._ZN5daisy7Pcm30604InitENS_9I2CHandleE
                0x0000000008000e54      0x16c ../DaisyExamples/libDaisy//build/libdaisy.a(codec_pcm3060.o)
                0x0000000008000e54                daisy::Pcm3060::Init(daisy::I2CHandle)
 .text._ZN11SdramHandle10DeviceInitEv
                0x0000000008000fc0       0x98 ../DaisyExamples/libDaisy//build/libdaisy.a(sdram.o)
                0x0000000008000fc0                SdramHandle::DeviceInit()
 .text._ZN11SdramHandle4InitEv
                0x0000000008001058       0x7c ../DaisyExamples/libDaisy//build/libdaisy.a(sdram.o)
                0x0000000008001058                SdramHandle::Init()
 .text.HAL_SDRAM_MspInit
                0x00000000080010d4      0x1a8 ../DaisyExamples/libDaisy//build/libdaisy.a(sdram.o)
                0x00000000080010d4                HAL_SDRAM_MspInit
 .text._ZN5daisy11AudioHandle4InitERKNS0_6ConfigENS_9SaiHandleE
                0x000000000800127c       0x70 ../DaisyExamples/libDaisy//build/libdaisy.a(audio.o)
                0x000000000800127c                daisy::AudioHandle::Init(daisy::AudioHandle::Config const&, daisy::SaiHandle)
 .text._ZNK5daisy11AudioHandle9GetConfigEv
                0x00000000080012ec        0x8 ../DaisyExamples/libDaisy//build/libdaisy.a(audio.o)
                0x00000000080012ec                daisy::AudioHandle::GetConfig() const
 .text._ZN5daisy11AudioHandle12SetBlockSizeEj
                0x00000000080012f4       0x1c ../DaisyExamples/libDaisy//build/libdaisy.a(audio.o)
                0x00000000080012f4                daisy::AudioHandle::SetBlockSize(unsigned int)
 .text._ZN5daisy11AudioHandle13GetSampleRateEv
                0x0000000008001310        0x8 ../DaisyExamples/libDaisy//build/libdaisy.a(audio.o)
                0x0000000008001310                daisy::AudioHandle::GetSampleRate()
 .text._ZN5daisy11AudioHandle13SetSampleRateENS_9SaiHandle6Config10SampleRateE
                0x0000000008001318       0x88 ../DaisyExamples/libDaisy//build/libdaisy.a(audio.o)
                0x0000000008001318                daisy::AudioHandle::SetSampleRate(daisy::SaiHandle::Config::SampleRate)
 .text.startup._GLOBAL__sub_I__ZN5daisy11AudioHandle4Impl4InitENS0_6ConfigENS_9SaiHandleE
                0x00000000080013a0       0x24 ../DaisyExamples/libDaisy//build/libdaisy.a(audio.o)
 .text._ZN5daisy13AnalogControl4InitEPtfbbf
                0x00000000080013c4       0x64 ../DaisyExamples/libDaisy//build/libdaisy.a(ctrl.o)
                0x00000000080013c4                daisy::AnalogControl::Init(unsigned short*, float, bool, bool, float)
 .text._ZN5daisy13AnalogControl13InitBipolarCvEPtf
                0x0000000008001428       0x6c ../DaisyExamples/libDaisy//build/libdaisy.a(ctrl.o)
                0x0000000008001428                daisy::AnalogControl::InitBipolarCv(unsigned short*, float)
 .text._ZN5daisy13AnalogControl7ProcessEv
                0x0000000008001494       0x48 ../DaisyExamples/libDaisy//build/libdaisy.a(ctrl.o)
                0x0000000008001494                daisy::AnalogControl::Process()
 .text._ZN5daisy13AnalogControl13SetSampleRateEf
                0x00000000080014dc       0x58 ../DaisyExamples/libDaisy//build/libdaisy.a(ctrl.o)
                0x00000000080014dc                daisy::AnalogControl::SetSampleRate(float)
 .text._ZN5daisy6GateIn4InitEP12dsy_gpio_pinb
                0x0000000008001534       0x14 ../DaisyExamples/libDaisy//build/libdaisy.a(gatein.o)
                0x0000000008001534                daisy::GateIn::Init(dsy_gpio_pin*, bool)
 .text._ZN5daisy9UsbHandleD2Ev
                0x0000000008001548        0x4 ../DaisyExamples/libDaisy//build/libdaisy.a(logger.o)
                0x0000000008001548                daisy::UsbHandle::~UsbHandle()
                0x0000000008001548                daisy::UsbHandle::~UsbHandle()
 .text._ZN5daisy6LoggerILNS_17LoggerDestinationE1EE11TransmitBufEv
                0x000000000800154c       0x60 ../DaisyExamples/libDaisy//build/libdaisy.a(logger.o)
                0x000000000800154c                daisy::Logger<(daisy::LoggerDestination)1>::TransmitBuf()
 .text._ZN5daisy6LoggerILNS_17LoggerDestinationE1EE13AppendNewLineEv
                0x00000000080015ac       0x60 ../DaisyExamples/libDaisy//build/libdaisy.a(logger.o)
                0x00000000080015ac                daisy::Logger<(daisy::LoggerDestination)1>::AppendNewLine()
 .text._ZN5daisy6LoggerILNS_17LoggerDestinationE1EE10PrintLineVEPKcSt9__va_list
                0x000000000800160c       0x30 ../DaisyExamples/libDaisy//build/libdaisy.a(logger.o)
                0x000000000800160c                daisy::Logger<(daisy::LoggerDestination)1>::PrintLineV(char const*, std::__va_list)
 .text._ZN5daisy6LoggerILNS_17LoggerDestinationE1EE9PrintLineEPKcz
                0x000000000800163c       0x1c ../DaisyExamples/libDaisy//build/libdaisy.a(logger.o)
                0x000000000800163c                daisy::Logger<(daisy::LoggerDestination)1>::PrintLine(char const*, ...)
 .text._ZN5daisy6LoggerILNS_17LoggerDestinationE1EE8StartLogEb
                0x0000000008001658       0x40 ../DaisyExamples/libDaisy//build/libdaisy.a(logger.o)
                0x0000000008001658                daisy::Logger<(daisy::LoggerDestination)1>::StartLog(bool)
 .text.startup._GLOBAL__sub_I__ZN5daisy10LoggerImplILNS_17LoggerDestinationE1EE11usb_handle_E
                0x0000000008001698       0x2c ../DaisyExamples/libDaisy//build/libdaisy.a(logger.o)
 .text._ZN5daisy6Switch4InitE12dsy_gpio_pinf
                0x00000000080016c4       0x34 ../DaisyExamples/libDaisy//build/libdaisy.a(switch.o)
                0x00000000080016c4                daisy::Switch::Init(dsy_gpio_pin, float)
 .text._ZN5daisy6Switch8DebounceEv
                0x00000000080016f8       0x5c ../DaisyExamples/libDaisy//build/libdaisy.a(switch.o)
                0x00000000080016f8                daisy::Switch::Debounce()
 .text.DummyRxCallback
                0x0000000008001754        0x4 ../DaisyExamples/libDaisy//build/libdaisy.a(usb.o)
                0x0000000008001754                DummyRxCallback
 .text._ZN5daisy9UsbHandle4InitENS0_9UsbPeriphE
                0x0000000008001758      0x10c ../DaisyExamples/libDaisy//build/libdaisy.a(usb.o)
                0x0000000008001758                daisy::UsbHandle::Init(daisy::UsbHandle::UsbPeriph)
 .text._ZN5daisy9UsbHandle16TransmitInternalEPhj
                0x0000000008001864       0x14 ../DaisyExamples/libDaisy//build/libdaisy.a(usb.o)
                0x0000000008001864                daisy::UsbHandle::TransmitInternal(unsigned char*, unsigned int)
 .text.OTG_FS_EP1_OUT_IRQHandler
                0x0000000008001878        0xc ../DaisyExamples/libDaisy//build/libdaisy.a(usb.o)
                0x0000000008001878                OTG_FS_EP1_OUT_IRQHandler
 .text.OTG_FS_EP1_IN_IRQHandler
                0x0000000008001884        0xc ../DaisyExamples/libDaisy//build/libdaisy.a(usb.o)
                0x0000000008001884                OTG_FS_EP1_IN_IRQHandler
 .text.OTG_FS_IRQHandler
                0x0000000008001890        0xc ../DaisyExamples/libDaisy//build/libdaisy.a(usb.o)
                0x0000000008001890                OTG_FS_IRQHandler
 .text._ZN5daisy16AdcChannelConfig10InitSingleE12dsy_gpio_pin
                0x000000000800189c       0x1c ../DaisyExamples/libDaisy//build/libdaisy.a(adc.o)
                0x000000000800189c                daisy::AdcChannelConfig::InitSingle(dsy_gpio_pin)
 .text._ZN5daisy9AdcHandle4InitEPNS_16AdcChannelConfigEjNS0_12OverSamplingE
                0x00000000080018b8      0x3c8 ../DaisyExamples/libDaisy//build/libdaisy.a(adc.o)
                0x00000000080018b8                daisy::AdcHandle::Init(daisy::AdcChannelConfig*, unsigned int, daisy::AdcHandle::OverSampling)
 .text._ZN5daisy9AdcHandle5StartEv
                0x0000000008001c80       0x2c ../DaisyExamples/libDaisy//build/libdaisy.a(adc.o)
                0x0000000008001c80                daisy::AdcHandle::Start()
 .text._ZNK5daisy9AdcHandle6GetPtrEh
                0x0000000008001cac       0x14 ../DaisyExamples/libDaisy//build/libdaisy.a(adc.o)
                0x0000000008001cac                daisy::AdcHandle::GetPtr(unsigned char) const
 .text.HAL_ADC_MspInit
                0x0000000008001cc0       0x98 ../DaisyExamples/libDaisy//build/libdaisy.a(adc.o)
                0x0000000008001cc0                HAL_ADC_MspInit
 .text.DMA1_Stream2_IRQHandler
                0x0000000008001d58        0xc ../DaisyExamples/libDaisy//build/libdaisy.a(adc.o)
                0x0000000008001d58                DMA1_Stream2_IRQHandler
 .text.HAL_ADC_ConvCpltCallback
                0x0000000008001d64      0x148 ../DaisyExamples/libDaisy//build/libdaisy.a(adc.o)
                0x0000000008001d64                HAL_ADC_ConvCpltCallback
 .text.HAL_ADC_ErrorCallback
                0x0000000008001eac        0x4 ../DaisyExamples/libDaisy//build/libdaisy.a(adc.o)
                0x0000000008001eac                HAL_ADC_ErrorCallback
 .text.HAL_DAC_MspInit
                0x0000000008001eb0      0x15c ../DaisyExamples/libDaisy//build/libdaisy.a(dac.o)
                0x0000000008001eb0                HAL_DAC_MspInit
 .text.DMA2_Stream0_IRQHandler
                0x000000000800200c        0xc ../DaisyExamples/libDaisy//build/libdaisy.a(dac.o)
                0x000000000800200c                DMA2_Stream0_IRQHandler
 .text.DMA2_Stream1_IRQHandler
                0x0000000008002018        0xc ../DaisyExamples/libDaisy//build/libdaisy.a(dac.o)
                0x0000000008002018                DMA2_Stream1_IRQHandler
 .text.TIM6_DAC_IRQHandler
                0x0000000008002024       0x1c ../DaisyExamples/libDaisy//build/libdaisy.a(dac.o)
                0x0000000008002024                TIM6_DAC_IRQHandler
 .text.HAL_DAC_ConvCpltCallbackCh1
                0x0000000008002040       0x60 ../DaisyExamples/libDaisy//build/libdaisy.a(dac.o)
                0x0000000008002040                HAL_DAC_ConvCpltCallbackCh1
 .text.HAL_DAC_ConvHalfCpltCallbackCh1
                0x00000000080020a0       0x54 ../DaisyExamples/libDaisy//build/libdaisy.a(dac.o)
                0x00000000080020a0                HAL_DAC_ConvHalfCpltCallbackCh1
 .text.HAL_DACEx_ConvHalfCpltCallbackCh2
                0x00000000080020f4       0x2c ../DaisyExamples/libDaisy//build/libdaisy.a(dac.o)
                0x00000000080020f4                HAL_DACEx_ConvHalfCpltCallbackCh2
 .text.HAL_DACEx_ConvCpltCallbackCh2
                0x0000000008002120       0x34 ../DaisyExamples/libDaisy//build/libdaisy.a(dac.o)
                0x0000000008002120                HAL_DACEx_ConvCpltCallbackCh2
 .text._ZN5daisy9DacHandle4InitERKNS0_6ConfigE
                0x0000000008002154       0xfc ../DaisyExamples/libDaisy//build/libdaisy.a(dac.o)
                0x0000000008002154                daisy::DacHandle::Init(daisy::DacHandle::Config const&)
 .text._ZN5daisy9DacHandle5StartEPtS1_jPFvPS1_jE
                0x0000000008002250       0x6c ../DaisyExamples/libDaisy//build/libdaisy.a(dac.o)
                0x0000000008002250                daisy::DacHandle::Start(unsigned short*, unsigned short*, unsigned int, void (*)(unsigned short**, unsigned int))
 .text._ZN5daisy9DacHandle4StopEv
                0x00000000080022bc       0x40 ../DaisyExamples/libDaisy//build/libdaisy.a(dac.o)
                0x00000000080022bc                daisy::DacHandle::Stop()
 .text.dsy_gpio_init
                0x00000000080022fc      0x1b8 ../DaisyExamples/libDaisy//build/libdaisy.a(gpio.o)
                0x00000000080022fc                dsy_gpio_init
 .text.dsy_gpio_read
                0x00000000080024b4       0x1c ../DaisyExamples/libDaisy//build/libdaisy.a(gpio.o)
                0x00000000080024b4                dsy_gpio_read
 .text.dsy_gpio_write
                0x00000000080024d0       0x24 ../DaisyExamples/libDaisy//build/libdaisy.a(gpio.o)
                0x00000000080024d0                dsy_gpio_write
 .text._ZN5daisy9I2CHandle4Impl8InitPinsEv
                0x00000000080024f4       0x58 ../DaisyExamples/libDaisy//build/libdaisy.a(i2c.o)
                0x00000000080024f4                daisy::I2CHandle::Impl::InitPins()
 .text.HAL_I2C_MspInit
                0x000000000800254c      0x1b4 ../DaisyExamples/libDaisy//build/libdaisy.a(i2c.o)
                0x000000000800254c                HAL_I2C_MspInit
 .text.dsy_i2c_global_init
                0x0000000008002700       0x78 ../DaisyExamples/libDaisy//build/libdaisy.a(i2c.o)
                0x0000000008002700                dsy_i2c_global_init
 .text.DMA1_Stream6_IRQHandler
                0x0000000008002778       0x34 ../DaisyExamples/libDaisy//build/libdaisy.a(i2c.o)
                0x0000000008002778                DMA1_Stream6_IRQHandler
 .text.I2C1_EV_IRQHandler
                0x00000000080027ac        0xc ../DaisyExamples/libDaisy//build/libdaisy.a(i2c.o)
                0x00000000080027ac                I2C1_EV_IRQHandler
 .text.I2C2_EV_IRQHandler
                0x00000000080027b8        0xc ../DaisyExamples/libDaisy//build/libdaisy.a(i2c.o)
                0x00000000080027b8                I2C2_EV_IRQHandler
 .text.I2C3_EV_IRQHandler
                0x00000000080027c4        0xc ../DaisyExamples/libDaisy//build/libdaisy.a(i2c.o)
                0x00000000080027c4                I2C3_EV_IRQHandler
 .text._ZN5daisy9I2CHandle4InitERKNS0_6ConfigE
                0x00000000080027d0      0x12c ../DaisyExamples/libDaisy//build/libdaisy.a(i2c.o)
                0x00000000080027d0                daisy::I2CHandle::Init(daisy::I2CHandle::Config const&)
 .text._ZN5daisy9I2CHandle17ReadDataAtAddressEtttPhtm
                0x00000000080028fc       0x4c ../DaisyExamples/libDaisy//build/libdaisy.a(i2c.o)
                0x00000000080028fc                daisy::I2CHandle::ReadDataAtAddress(unsigned short, unsigned short, unsigned short, unsigned char*, unsigned short, unsigned long)
 .text._ZN5daisy9I2CHandle18WriteDataAtAddressEtttPhtm
                0x0000000008002948       0x4c ../DaisyExamples/libDaisy//build/libdaisy.a(i2c.o)
                0x0000000008002948                daisy::I2CHandle::WriteDataAtAddress(unsigned short, unsigned short, unsigned short, unsigned char*, unsigned short, unsigned long)
 .text.startup._GLOBAL__sub_I__ZN5daisy9I2CHandle4Impl10GlobalInitEv
                0x0000000008002994       0x18 ../DaisyExamples/libDaisy//build/libdaisy.a(i2c.o)
 .text._ZN5daisy10QSPIHandle4Impl11WriteEnableEv
                0x00000000080029ac       0x8c ../DaisyExamples/libDaisy//build/libdaisy.a(qspi.o)
                0x00000000080029ac                daisy::QSPIHandle::Impl::WriteEnable()
 .text._ZN5daisy10QSPIHandle4Impl17DummyCyclesConfigENS0_6Config6DeviceE
                0x0000000008002a38      0x118 ../DaisyExamples/libDaisy//build/libdaisy.a(qspi.o)
                0x0000000008002a38                daisy::QSPIHandle::Impl::DummyCyclesConfig(daisy::QSPIHandle::Config::Device)
 .text._ZN5daisy10QSPIHandle4Impl10QuadEnableEv
                0x0000000008002b50      0x158 ../DaisyExamples/libDaisy//build/libdaisy.a(qspi.o)
                0x0000000008002b50                daisy::QSPIHandle::Impl::QuadEnable()
 .text._ZN5daisy10QSPIHandle4InitERKNS0_6ConfigE
                0x0000000008002ca8      0x198 ../DaisyExamples/libDaisy//build/libdaisy.a(qspi.o)
                0x0000000008002ca8                daisy::QSPIHandle::Init(daisy::QSPIHandle::Config const&)
 .text.HAL_QSPI_MspInit
                0x0000000008002e40      0x11c ../DaisyExamples/libDaisy//build/libdaisy.a(qspi.o)
                0x0000000008002e40                HAL_QSPI_MspInit
 .text.HAL_QSPI_MspDeInit
                0x0000000008002f5c       0x54 ../DaisyExamples/libDaisy//build/libdaisy.a(qspi.o)
                0x0000000008002f5c                HAL_QSPI_MspDeInit
 .text.QUADSPI_IRQHandler
                0x0000000008002fb0        0xc ../DaisyExamples/libDaisy//build/libdaisy.a(qspi.o)
                0x0000000008002fb0                QUADSPI_IRQHandler
 .text.startup._GLOBAL__sub_I__ZN5daisy10QSPIHandle4Impl4InitERKNS0_6ConfigE
                0x0000000008002fbc       0x28 ../DaisyExamples/libDaisy//build/libdaisy.a(qspi.o)
 .text._ZN5daisy9SaiHandle4Impl7InitDmaENS1_15PeripheralBlockE
                0x0000000008002fe4       0xa0 ../DaisyExamples/libDaisy//build/libdaisy.a(sai.o)
                0x0000000008002fe4                daisy::SaiHandle::Impl::InitDma(daisy::SaiHandle::Impl::PeripheralBlock)
 .text._ZN5daisy9SaiHandle4Impl8InitPinsEv
                0x0000000008003084       0xa8 ../DaisyExamples/libDaisy//build/libdaisy.a(sai.o)
                0x0000000008003084                daisy::SaiHandle::Impl::InitPins()
 .text.HAL_SAI_MspInit
                0x000000000800312c      0x164 ../DaisyExamples/libDaisy//build/libdaisy.a(sai.o)
                0x000000000800312c                HAL_SAI_MspInit
 .text.DMA1_Stream0_IRQHandler
                0x0000000008003290        0xc ../DaisyExamples/libDaisy//build/libdaisy.a(sai.o)
                0x0000000008003290                DMA1_Stream0_IRQHandler
 .text.DMA1_Stream1_IRQHandler
                0x000000000800329c        0xc ../DaisyExamples/libDaisy//build/libdaisy.a(sai.o)
                0x000000000800329c                DMA1_Stream1_IRQHandler
 .text.DMA1_Stream3_IRQHandler
                0x00000000080032a8        0xc ../DaisyExamples/libDaisy//build/libdaisy.a(sai.o)
                0x00000000080032a8                DMA1_Stream3_IRQHandler
 .text.DMA1_Stream4_IRQHandler
                0x00000000080032b4        0xc ../DaisyExamples/libDaisy//build/libdaisy.a(sai.o)
                0x00000000080032b4                DMA1_Stream4_IRQHandler
 .text._ZN5daisy9SaiHandle4InitERKNS0_6ConfigE
                0x00000000080032c0      0x1f0 ../DaisyExamples/libDaisy//build/libdaisy.a(sai.o)
                0x00000000080032c0                daisy::SaiHandle::Init(daisy::SaiHandle::Config const&)
 .text._ZNK5daisy9SaiHandle9GetConfigEv
                0x00000000080034b0        0x4 ../DaisyExamples/libDaisy//build/libdaisy.a(sai.o)
                0x00000000080034b0                daisy::SaiHandle::GetConfig() const
 .text._ZN5daisy9SaiHandle13GetSampleRateEv
                0x00000000080034b4       0x24 ../DaisyExamples/libDaisy//build/libdaisy.a(sai.o)
                0x00000000080034b4                daisy::SaiHandle::GetSampleRate()
 .text._ZN5daisy11TimerHandleD2Ev
                0x00000000080034d8        0x4 ../DaisyExamples/libDaisy//build/libdaisy.a(system.o)
                0x00000000080034d8                daisy::TimerHandle::~TimerHandle()
                0x00000000080034d8                daisy::TimerHandle::~TimerHandle()
 .text.SysTick_Handler
                0x00000000080034dc       0x10 ../DaisyExamples/libDaisy//build/libdaisy.a(system.o)
                0x00000000080034dc                SysTick_Handler
 .text.OTG_HS_EP1_OUT_IRQHandler
                0x00000000080034ec       0x24 ../DaisyExamples/libDaisy//build/libdaisy.a(system.o)
                0x00000000080034ec                OTG_HS_EP1_OUT_IRQHandler
 .text.OTG_HS_EP1_IN_IRQHandler
                0x0000000008003510       0x24 ../DaisyExamples/libDaisy//build/libdaisy.a(system.o)
                0x0000000008003510                OTG_HS_EP1_IN_IRQHandler
 .text.OTG_HS_IRQHandler
                0x0000000008003534       0x24 ../DaisyExamples/libDaisy//build/libdaisy.a(system.o)
                0x0000000008003534                OTG_HS_IRQHandler
 .text.HardFault_Handler
                0x0000000008003558       0xe0 ../DaisyExamples/libDaisy//build/libdaisy.a(system.o)
                0x0000000008003558                HardFault_Handler
 .text._ZN5daisy6System6GetNowEv
                0x0000000008003638        0x4 ../DaisyExamples/libDaisy//build/libdaisy.a(system.o)
                0x0000000008003638                daisy::System::GetNow()
 .text._ZN5daisy6System5DelayEm
                0x000000000800363c        0x4 ../DaisyExamples/libDaisy//build/libdaisy.a(system.o)
                0x000000000800363c                daisy::System::Delay(unsigned long)
 .text._ZN5daisy6System15ConfigureClocksEv
                0x0000000008003640      0x194 ../DaisyExamples/libDaisy//build/libdaisy.a(system.o)
                0x0000000008003640                daisy::System::ConfigureClocks()
 .text._ZN5daisy6System4InitERKNS0_6ConfigE
                0x00000000080037d4      0x140 ../DaisyExamples/libDaisy//build/libdaisy.a(system.o)
                0x00000000080037d4                daisy::System::Init(daisy::System::Config const&)
 .text._ZN5daisy6System12GetPClk1FreqEv
                0x0000000008003914        0x4 ../DaisyExamples/libDaisy//build/libdaisy.a(system.o)
                0x0000000008003914                daisy::System::GetPClk1Freq()
 .text._ZN5daisy6System12GetPClk2FreqEv
                0x0000000008003918        0x4 ../DaisyExamples/libDaisy//build/libdaisy.a(system.o)
                0x0000000008003918                daisy::System::GetPClk2Freq()
 .text._ZN5daisy6System22GetProgramMemoryRegionEv
                0x000000000800391c       0x78 ../DaisyExamples/libDaisy//build/libdaisy.a(system.o)
                0x000000000800391c                daisy::System::GetProgramMemoryRegion()
 .text.startup._GLOBAL__sub_I_SysTick_Handler
                0x0000000008003994       0x1c ../DaisyExamples/libDaisy//build/libdaisy.a(system.o)
 .text.SystemInit
                0x00000000080039b0       0x9c ../DaisyExamples/libDaisy//build/libdaisy.a(system_stm32h7xx.o)
                0x00000000080039b0                SystemInit
 .text.dummy_rx_callback
                0x0000000008003a4c        0x4 ../DaisyExamples/libDaisy//build/libdaisy.a(usbd_cdc_if.o)
                0x0000000008003a4c                dummy_rx_callback
 .text.CDC_DeInit_FS
                0x0000000008003a50        0x4 ../DaisyExamples/libDaisy//build/libdaisy.a(usbd_cdc_if.o)
 .text.CDC_Receive_FS
                0x0000000008003a54       0x2c ../DaisyExamples/libDaisy//build/libdaisy.a(usbd_cdc_if.o)
 .text.CDC_Receive_HS
                0x0000000008003a80       0x2c ../DaisyExamples/libDaisy//build/libdaisy.a(usbd_cdc_if.o)
 .text.CDC_Init_FS
                0x0000000008003aac       0x3c ../DaisyExamples/libDaisy//build/libdaisy.a(usbd_cdc_if.o)
 .text.CDC_Init_HS
                0x0000000008003ae8       0x3c ../DaisyExamples/libDaisy//build/libdaisy.a(usbd_cdc_if.o)
 .text.CDC_Control_FS
                0x0000000008003b24       0x34 ../DaisyExamples/libDaisy//build/libdaisy.a(usbd_cdc_if.o)
 .text.CDC_Control_HS
                0x0000000008003b58       0x34 ../DaisyExamples/libDaisy//build/libdaisy.a(usbd_cdc_if.o)
 .text.CDC_DeInit_HS
                0x0000000008003b8c        0x4 ../DaisyExamples/libDaisy//build/libdaisy.a(usbd_cdc_if.o)
 .text.CDC_Transmit_FS
                0x0000000008003b90       0x2c ../DaisyExamples/libDaisy//build/libdaisy.a(usbd_cdc_if.o)
                0x0000000008003b90                CDC_Transmit_FS
 .text.HAL_PCD_MspInit
                0x0000000008003bbc      0x144 ../DaisyExamples/libDaisy//build/libdaisy.a(usbd_conf.o)
                0x0000000008003bbc                HAL_PCD_MspInit
 .text.HAL_PCD_SetupStageCallback
                0x0000000008003d00        0xc ../DaisyExamples/libDaisy//build/libdaisy.a(usbd_conf.o)
                0x0000000008003d00                HAL_PCD_SetupStageCallback
 .text.HAL_PCD_DataOutStageCallback
                0x0000000008003d0c       0x14 ../DaisyExamples/libDaisy//build/libdaisy.a(usbd_conf.o)
                0x0000000008003d0c                HAL_PCD_DataOutStageCallback
 .text.HAL_PCD_DataInStageCallback
                0x0000000008003d20       0x14 ../DaisyExamples/libDaisy//build/libdaisy.a(usbd_conf.o)
                0x0000000008003d20                HAL_PCD_DataInStageCallback
 .text.HAL_PCD_SOFCallback
                0x0000000008003d34        0x8 ../DaisyExamples/libDaisy//build/libdaisy.a(usbd_conf.o)
                0x0000000008003d34                HAL_PCD_SOFCallback
 .text.HAL_PCD_ResetCallback
                0x0000000008003d3c       0x24 ../DaisyExamples/libDaisy//build/libdaisy.a(usbd_conf.o)
                0x0000000008003d3c                HAL_PCD_ResetCallback
 .text.HAL_PCD_SuspendCallback
                0x0000000008003d60       0x30 ../DaisyExamples/libDaisy//build/libdaisy.a(usbd_conf.o)
                0x0000000008003d60                HAL_PCD_SuspendCallback
 .text.HAL_PCD_ResumeCallback
                0x0000000008003d90        0x8 ../DaisyExamples/libDaisy//build/libdaisy.a(usbd_conf.o)
                0x0000000008003d90                HAL_PCD_ResumeCallback
 .text.HAL_PCD_ISOOUTIncompleteCallback
                0x0000000008003d98        0x8 ../DaisyExamples/libDaisy//build/libdaisy.a(usbd_conf.o)
                0x0000000008003d98                HAL_PCD_ISOOUTIncompleteCallback
 .text.HAL_PCD_ISOINIncompleteCallback
                0x0000000008003da0        0x8 ../DaisyExamples/libDaisy//build/libdaisy.a(usbd_conf.o)
                0x0000000008003da0                HAL_PCD_ISOINIncompleteCallback
 .text.HAL_PCD_ConnectCallback
                0x0000000008003da8        0x8 ../DaisyExamples/libDaisy//build/libdaisy.a(usbd_conf.o)
                0x0000000008003da8                HAL_PCD_ConnectCallback
 .text.HAL_PCD_DisconnectCallback
                0x0000000008003db0        0x8 ../DaisyExamples/libDaisy//build/libdaisy.a(usbd_conf.o)
                0x0000000008003db0                HAL_PCD_DisconnectCallback
 .text.USBD_LL_Init
                0x0000000008003db8       0xe4 ../DaisyExamples/libDaisy//build/libdaisy.a(usbd_conf.o)
                0x0000000008003db8                USBD_LL_Init
 .text.USBD_LL_Start
                0x0000000008003e9c       0x1c ../DaisyExamples/libDaisy//build/libdaisy.a(usbd_conf.o)
                0x0000000008003e9c                USBD_LL_Start
 .text.USBD_LL_OpenEP
                0x0000000008003eb8       0x24 ../DaisyExamples/libDaisy//build/libdaisy.a(usbd_conf.o)
                0x0000000008003eb8                USBD_LL_OpenEP
 .text.USBD_LL_CloseEP
                0x0000000008003edc       0x1c ../DaisyExamples/libDaisy//build/libdaisy.a(usbd_conf.o)
                0x0000000008003edc                USBD_LL_CloseEP
 .text.USBD_LL_StallEP
                0x0000000008003ef8       0x1c ../DaisyExamples/libDaisy//build/libdaisy.a(usbd_conf.o)
                0x0000000008003ef8                USBD_LL_StallEP
 .text.USBD_LL_ClearStallEP
                0x0000000008003f14       0x1c ../DaisyExamples/libDaisy//build/libdaisy.a(usbd_conf.o)
                0x0000000008003f14                USBD_LL_ClearStallEP
 .text.USBD_LL_IsStallEP
                0x0000000008003f30       0x28 ../DaisyExamples/libDaisy//build/libdaisy.a(usbd_conf.o)
                0x0000000008003f30                USBD_LL_IsStallEP
 .text.USBD_LL_SetUSBAddress
                0x0000000008003f58       0x1c ../DaisyExamples/libDaisy//build/libdaisy.a(usbd_conf.o)
                0x0000000008003f58                USBD_LL_SetUSBAddress
 .text.USBD_LL_Transmit
                0x0000000008003f74       0x1c ../DaisyExamples/libDaisy//build/libdaisy.a(usbd_conf.o)
                0x0000000008003f74                USBD_LL_Transmit
 .text.USBD_LL_PrepareReceive
                0x0000000008003f90       0x1c ../DaisyExamples/libDaisy//build/libdaisy.a(usbd_conf.o)
                0x0000000008003f90                USBD_LL_PrepareReceive
 .text.USBD_LL_GetRxDataSize
                0x0000000008003fac        0x8 ../DaisyExamples/libDaisy//build/libdaisy.a(usbd_conf.o)
                0x0000000008003fac                USBD_LL_GetRxDataSize
 .text.USBD_HS_DeviceDescriptor
                0x0000000008003fb4        0xc ../DaisyExamples/libDaisy//build/libdaisy.a(usbd_desc.o)
                0x0000000008003fb4                USBD_HS_DeviceDescriptor
 .text.USBD_FS_DeviceDescriptor
                0x0000000008003fc0        0xc ../DaisyExamples/libDaisy//build/libdaisy.a(usbd_desc.o)
                0x0000000008003fc0                USBD_FS_DeviceDescriptor
 .text.USBD_FS_LangIDStrDescriptor
                0x0000000008003fcc        0xc ../DaisyExamples/libDaisy//build/libdaisy.a(usbd_desc.o)
                0x0000000008003fcc                USBD_FS_LangIDStrDescriptor
 .text.USBD_FS_ManufacturerStrDescriptor
                0x0000000008003fd8       0x1c ../DaisyExamples/libDaisy//build/libdaisy.a(usbd_desc.o)
                0x0000000008003fd8                USBD_FS_ManufacturerStrDescriptor
 .text.USBD_HS_ProductStrDescriptor
                0x0000000008003ff4       0x1c ../DaisyExamples/libDaisy//build/libdaisy.a(usbd_desc.o)
                0x0000000008003ff4                USBD_HS_ProductStrDescriptor
 .text.USBD_FS_ConfigStrDescriptor
                0x0000000008004010       0x1c ../DaisyExamples/libDaisy//build/libdaisy.a(usbd_desc.o)
                0x0000000008004010                USBD_FS_ConfigStrDescriptor
 .text.USBD_FS_InterfaceStrDescriptor
                0x000000000800402c       0x1c ../DaisyExamples/libDaisy//build/libdaisy.a(usbd_desc.o)
                0x000000000800402c                USBD_FS_InterfaceStrDescriptor
 .text.USBD_FS_ProductStrDescriptor
                0x0000000008004048       0x1c ../DaisyExamples/libDaisy//build/libdaisy.a(usbd_desc.o)
                0x0000000008004048                USBD_FS_ProductStrDescriptor
 .text.USBD_HS_LangIDStrDescriptor
                0x0000000008004064        0xc ../DaisyExamples/libDaisy//build/libdaisy.a(usbd_desc.o)
                0x0000000008004064                USBD_HS_LangIDStrDescriptor
 .text.USBD_HS_ManufacturerStrDescriptor
                0x0000000008004070       0x1c ../DaisyExamples/libDaisy//build/libdaisy.a(usbd_desc.o)
                0x0000000008004070                USBD_HS_ManufacturerStrDescriptor
 .text.USBD_FS_SerialStrDescriptor
                0x000000000800408c      0x124 ../DaisyExamples/libDaisy//build/libdaisy.a(usbd_desc.o)
                0x000000000800408c                USBD_FS_SerialStrDescriptor
 .text.USBD_HS_SerialStrDescriptor
                0x00000000080041b0      0x124 ../DaisyExamples/libDaisy//build/libdaisy.a(usbd_desc.o)
                0x00000000080041b0                USBD_HS_SerialStrDescriptor
 .text.USBD_HS_InterfaceStrDescriptor
                0x00000000080042d4       0x1c ../DaisyExamples/libDaisy//build/libdaisy.a(usbd_desc.o)
                0x00000000080042d4                USBD_HS_InterfaceStrDescriptor
 .text.USBD_HS_ConfigStrDescriptor
                0x00000000080042f0       0x1c ../DaisyExamples/libDaisy//build/libdaisy.a(usbd_desc.o)
                0x00000000080042f0                USBD_HS_ConfigStrDescriptor
 .text.HAL_HCD_SOF_Callback
                0x000000000800430c        0x8 ../DaisyExamples/libDaisy//build/libdaisy.a(usbh_conf.o)
                0x000000000800430c                HAL_HCD_SOF_Callback
 .text.HAL_HCD_Connect_Callback
                0x0000000008004314        0x8 ../DaisyExamples/libDaisy//build/libdaisy.a(usbh_conf.o)
                0x0000000008004314                HAL_HCD_Connect_Callback
 .text.HAL_HCD_Disconnect_Callback
                0x000000000800431c        0x8 ../DaisyExamples/libDaisy//build/libdaisy.a(usbh_conf.o)
                0x000000000800431c                HAL_HCD_Disconnect_Callback
 .text.HAL_HCD_HC_NotifyURBChange_Callback
                0x0000000008004324        0x4 ../DaisyExamples/libDaisy//build/libdaisy.a(usbh_conf.o)
                0x0000000008004324                HAL_HCD_HC_NotifyURBChange_Callback
 .text.HAL_HCD_PortEnabled_Callback
                0x0000000008004328        0x8 ../DaisyExamples/libDaisy//build/libdaisy.a(usbh_conf.o)
                0x0000000008004328                HAL_HCD_PortEnabled_Callback
 .text.HAL_HCD_PortDisabled_Callback
                0x0000000008004330        0x8 ../DaisyExamples/libDaisy//build/libdaisy.a(usbh_conf.o)
                0x0000000008004330                HAL_HCD_PortDisabled_Callback
 .text.USBH_LL_Stop
                0x0000000008004338       0x1c ../DaisyExamples/libDaisy//build/libdaisy.a(usbh_conf.o)
                0x0000000008004338                USBH_LL_Stop
 .text.dsy_hal_map_get_port
                0x0000000008004354       0x10 ../DaisyExamples/libDaisy//build/libdaisy.a(hal_map.o)
                0x0000000008004354                dsy_hal_map_get_port
 .text.dsy_hal_map_get_pin
                0x0000000008004364       0x10 ../DaisyExamples/libDaisy//build/libdaisy.a(hal_map.o)
                0x0000000008004364                dsy_hal_map_get_pin
 .text.dsy_hal_map_gpio_clk_enable
                0x0000000008004374      0x150 ../DaisyExamples/libDaisy//build/libdaisy.a(hal_map.o)
                0x0000000008004374                dsy_hal_map_gpio_clk_enable
 .text.HAL_MspInit
                0x00000000080044c4        0x4 ../DaisyExamples/libDaisy//build/libdaisy.a(stm32h7xx_hal.o)
                0x00000000080044c4                HAL_MspInit
 .text.HAL_InitTick
                0x00000000080044c8       0x4c ../DaisyExamples/libDaisy//build/libdaisy.a(stm32h7xx_hal.o)
                0x00000000080044c8                HAL_InitTick
 .text.HAL_Init
                0x0000000008004514       0x60 ../DaisyExamples/libDaisy//build/libdaisy.a(stm32h7xx_hal.o)
                0x0000000008004514                HAL_Init
 .text.HAL_IncTick
                0x0000000008004574       0x18 ../DaisyExamples/libDaisy//build/libdaisy.a(stm32h7xx_hal.o)
                0x0000000008004574                HAL_IncTick
 .text.HAL_GetTick
                0x000000000800458c        0xc ../DaisyExamples/libDaisy//build/libdaisy.a(stm32h7xx_hal.o)
                0x000000000800458c                HAL_GetTick
 .text.HAL_Delay
                0x0000000008004598       0x24 ../DaisyExamples/libDaisy//build/libdaisy.a(stm32h7xx_hal.o)
                0x0000000008004598                HAL_Delay
 .text.HAL_GetREVID
                0x00000000080045bc        0xc ../DaisyExamples/libDaisy//build/libdaisy.a(stm32h7xx_hal.o)
                0x00000000080045bc                HAL_GetREVID
 .text.HAL_ADC_ConvHalfCpltCallback
                0x00000000080045c8        0x4 ../DaisyExamples/libDaisy//build/libdaisy.a(stm32h7xx_hal_adc.o)
                0x00000000080045c8                HAL_ADC_ConvHalfCpltCallback
 .text.ADC_DMAHalfConvCplt
                0x00000000080045cc        0xc ../DaisyExamples/libDaisy//build/libdaisy.a(stm32h7xx_hal_adc.o)
                0x00000000080045cc                ADC_DMAHalfConvCplt
 .text.ADC_DMAConvCplt
                0x00000000080045d8       0x6c ../DaisyExamples/libDaisy//build/libdaisy.a(stm32h7xx_hal_adc.o)
                0x00000000080045d8                ADC_DMAConvCplt
 .text.ADC_DMAError
                0x0000000008004644       0x1c ../DaisyExamples/libDaisy//build/libdaisy.a(stm32h7xx_hal_adc.o)
                0x0000000008004644                ADC_DMAError
 .text.HAL_ADC_ConfigChannel
                0x0000000008004660      0x3fc ../DaisyExamples/libDaisy//build/libdaisy.a(stm32h7xx_hal_adc.o)
                0x0000000008004660                HAL_ADC_ConfigChannel
 .text.ADC_Enable
                0x0000000008004a5c       0xac ../DaisyExamples/libDaisy//build/libdaisy.a(stm32h7xx_hal_adc.o)
                0x0000000008004a5c                ADC_Enable
 .text.HAL_ADC_Start_DMA
                0x0000000008004b08      0x114 ../DaisyExamples/libDaisy//build/libdaisy.a(stm32h7xx_hal_adc.o)
                0x0000000008004b08                HAL_ADC_Start_DMA
 .text.ADC_Disable
                0x0000000008004c1c       0x68 ../DaisyExamples/libDaisy//build/libdaisy.a(stm32h7xx_hal_adc.o)
                0x0000000008004c1c                ADC_Disable
 .text.ADC_ConfigureBoostMode
                0x0000000008004c84      0x184 ../DaisyExamples/libDaisy//build/libdaisy.a(stm32h7xx_hal_adc.o)
                0x0000000008004c84                ADC_ConfigureBoostMode
 .text.HAL_ADC_Init
                0x0000000008004e08      0x218 ../DaisyExamples/libDaisy//build/libdaisy.a(stm32h7xx_hal_adc.o)
                0x0000000008004e08                HAL_ADC_Init
 .text.HAL_ADCEx_Calibration_Start
                0x0000000008005020       0xa4 ../DaisyExamples/libDaisy//build/libdaisy.a(stm32h7xx_hal_adc_ex.o)
                0x0000000008005020                HAL_ADCEx_Calibration_Start
 .text.HAL_ADCEx_MultiModeConfigChannel
                0x00000000080050c4       0xc4 ../DaisyExamples/libDaisy//build/libdaisy.a(stm32h7xx_hal_adc_ex.o)
                0x00000000080050c4                HAL_ADCEx_MultiModeConfigChannel
 .text.HAL_NVIC_SetPriorityGrouping
                0x0000000008005188       0x24 ../DaisyExamples/libDaisy//build/libdaisy.a(stm32h7xx_hal_cortex.o)
                0x0000000008005188                HAL_NVIC_SetPriorityGrouping
 .text.HAL_NVIC_SetPriority
                0x00000000080051ac       0x7c ../DaisyExamples/libDaisy//build/libdaisy.a(stm32h7xx_hal_cortex.o)
                0x00000000080051ac                HAL_NVIC_SetPriority
 .text.HAL_NVIC_EnableIRQ
                0x0000000008005228       0x1c ../DaisyExamples/libDaisy//build/libdaisy.a(stm32h7xx_hal_cortex.o)
                0x0000000008005228                HAL_NVIC_EnableIRQ
 .text.HAL_NVIC_DisableIRQ
                0x0000000008005244       0x28 ../DaisyExamples/libDaisy//build/libdaisy.a(stm32h7xx_hal_cortex.o)
                0x0000000008005244                HAL_NVIC_DisableIRQ
 .text.HAL_SYSTICK_Config
                0x000000000800526c       0x2c ../DaisyExamples/libDaisy//build/libdaisy.a(stm32h7xx_hal_cortex.o)
                0x000000000800526c                HAL_SYSTICK_Config
 .text.HAL_MPU_Disable
                0x0000000008005298       0x1c ../DaisyExamples/libDaisy//build/libdaisy.a(stm32h7xx_hal_cortex.o)
                0x0000000008005298                HAL_MPU_Disable
 .text.HAL_MPU_Enable
                0x00000000080052b4       0x20 ../DaisyExamples/libDaisy//build/libdaisy.a(stm32h7xx_hal_cortex.o)
                0x00000000080052b4                HAL_MPU_Enable
 .text.HAL_MPU_ConfigRegion
                0x00000000080052d4       0x64 ../DaisyExamples/libDaisy//build/libdaisy.a(stm32h7xx_hal_cortex.o)
                0x00000000080052d4                HAL_MPU_ConfigRegion
 .text.HAL_SYSTICK_Callback
                0x0000000008005338        0x4 ../DaisyExamples/libDaisy//build/libdaisy.a(stm32h7xx_hal_cortex.o)
                0x0000000008005338                HAL_SYSTICK_Callback
 .text.HAL_SYSTICK_IRQHandler
                0x000000000800533c        0x8 ../DaisyExamples/libDaisy//build/libdaisy.a(stm32h7xx_hal_cortex.o)
                0x000000000800533c                HAL_SYSTICK_IRQHandler
 .text.HAL_DAC_Init
                0x0000000008005344       0x2c ../DaisyExamples/libDaisy//build/libdaisy.a(stm32h7xx_hal_dac.o)
                0x0000000008005344                HAL_DAC_Init
 .text.HAL_DAC_Start_DMA
                0x0000000008005370      0x118 ../DaisyExamples/libDaisy//build/libdaisy.a(stm32h7xx_hal_dac.o)
                0x0000000008005370                HAL_DAC_Start_DMA
 .text.HAL_DAC_Stop_DMA
                0x0000000008005488       0x5c ../DaisyExamples/libDaisy//build/libdaisy.a(stm32h7xx_hal_dac.o)
                0x0000000008005488                HAL_DAC_Stop_DMA
 .text.DAC_DMAConvCpltCh1
                0x00000000080054e4       0x10 ../DaisyExamples/libDaisy//build/libdaisy.a(stm32h7xx_hal_dac.o)
 .text.DAC_DMAHalfConvCpltCh1
                0x00000000080054f4        0xc ../DaisyExamples/libDaisy//build/libdaisy.a(stm32h7xx_hal_dac.o)
 .text.HAL_DAC_ErrorCallbackCh1
                0x0000000008005500        0x4 ../DaisyExamples/libDaisy//build/libdaisy.a(stm32h7xx_hal_dac.o)
                0x0000000008005500                HAL_DAC_ErrorCallbackCh1
 .text.DAC_DMAErrorCh1
                0x0000000008005504       0x18 ../DaisyExamples/libDaisy//build/libdaisy.a(stm32h7xx_hal_dac.o)
 .text.HAL_DAC_DMAUnderrunCallbackCh1
                0x000000000800551c        0x4 ../DaisyExamples/libDaisy//build/libdaisy.a(stm32h7xx_hal_dac.o)
                0x000000000800551c                HAL_DAC_DMAUnderrunCallbackCh1
 .text.HAL_DAC_IRQHandler
                0x0000000008005520       0x68 ../DaisyExamples/libDaisy//build/libdaisy.a(stm32h7xx_hal_dac.o)
                0x0000000008005520                HAL_DAC_IRQHandler
 .text.HAL_DAC_ConfigChannel
                0x0000000008005588      0x130 ../DaisyExamples/libDaisy//build/libdaisy.a(stm32h7xx_hal_dac.o)
                0x0000000008005588                HAL_DAC_ConfigChannel
 .text.HAL_DACEx_ErrorCallbackCh2
                0x00000000080056b8        0x4 ../DaisyExamples/libDaisy//build/libdaisy.a(stm32h7xx_hal_dac_ex.o)
                0x00000000080056b8                HAL_DACEx_ErrorCallbackCh2
 .text.HAL_DACEx_DMAUnderrunCallbackCh2
                0x00000000080056bc        0x4 ../DaisyExamples/libDaisy//build/libdaisy.a(stm32h7xx_hal_dac_ex.o)
                0x00000000080056bc                HAL_DACEx_DMAUnderrunCallbackCh2
 .text.DAC_DMAConvCpltCh2
                0x00000000080056c0       0x10 ../DaisyExamples/libDaisy//build/libdaisy.a(stm32h7xx_hal_dac_ex.o)
                0x00000000080056c0                DAC_DMAConvCpltCh2
 .text.DAC_DMAHalfConvCpltCh2
                0x00000000080056d0        0xc ../DaisyExamples/libDaisy//build/libdaisy.a(stm32h7xx_hal_dac_ex.o)
                0x00000000080056d0                DAC_DMAHalfConvCpltCh2
 .text.DAC_DMAErrorCh2
                0x00000000080056dc       0x18 ../DaisyExamples/libDaisy//build/libdaisy.a(stm32h7xx_hal_dac_ex.o)
                0x00000000080056dc                DAC_DMAErrorCh2
 .text.DMA_CalcBaseAndBitshift
                0x00000000080056f4       0xf4 ../DaisyExamples/libDaisy//build/libdaisy.a(stm32h7xx_hal_dma.o)
 .text.DMA_CalcDMAMUXChannelBaseAndMask
                0x00000000080057e8       0xd8 ../DaisyExamples/libDaisy//build/libdaisy.a(stm32h7xx_hal_dma.o)
 .text.HAL_DMA_Init
                0x00000000080058c0      0x37c ../DaisyExamples/libDaisy//build/libdaisy.a(stm32h7xx_hal_dma.o)
                0x00000000080058c0                HAL_DMA_Init
 .text.HAL_DMA_Start_IT
                0x0000000008005c3c      0x240 ../DaisyExamples/libDaisy//build/libdaisy.a(stm32h7xx_hal_dma.o)
                0x0000000008005c3c                HAL_DMA_Start_IT
 .text.HAL_DMA_Abort
                0x0000000008005e7c      0x21c ../DaisyExamples/libDaisy//build/libdaisy.a(stm32h7xx_hal_dma.o)
                0x0000000008005e7c                HAL_DMA_Abort
 .text.HAL_DMA_Abort_IT
                0x0000000008006098      0x134 ../DaisyExamples/libDaisy//build/libdaisy.a(stm32h7xx_hal_dma.o)
                0x0000000008006098                HAL_DMA_Abort_IT
 .text.HAL_DMA_IRQHandler
                0x00000000080061cc      0x6a0 ../DaisyExamples/libDaisy//build/libdaisy.a(stm32h7xx_hal_dma.o)
                0x00000000080061cc                HAL_DMA_IRQHandler
 .text.HAL_DMA_GetError
                0x000000000800686c        0x4 ../DaisyExamples/libDaisy//build/libdaisy.a(stm32h7xx_hal_dma.o)
                0x000000000800686c                HAL_DMA_GetError
 .text.HAL_GPIO_Init
                0x0000000008006870      0x280 ../DaisyExamples/libDaisy//build/libdaisy.a(stm32h7xx_hal_gpio.o)
                0x0000000008006870                HAL_GPIO_Init
 .text.HAL_GPIO_DeInit
                0x0000000008006af0      0x190 ../DaisyExamples/libDaisy//build/libdaisy.a(stm32h7xx_hal_gpio.o)
                0x0000000008006af0                HAL_GPIO_DeInit
 .text.HAL_GPIO_ReadPin
                0x0000000008006c80        0xc ../DaisyExamples/libDaisy//build/libdaisy.a(stm32h7xx_hal_gpio.o)
                0x0000000008006c80                HAL_GPIO_ReadPin
 .text.HAL_GPIO_WritePin
                0x0000000008006c8c        0x8 ../DaisyExamples/libDaisy//build/libdaisy.a(stm32h7xx_hal_gpio.o)
                0x0000000008006c8c                HAL_GPIO_WritePin
 .text.HAL_HCD_IRQHandler
                0x0000000008006c94      0x780 ../DaisyExamples/libDaisy//build/libdaisy.a(stm32h7xx_hal_hcd.o)
                0x0000000008006c94                HAL_HCD_IRQHandler
 .text.HAL_HCD_Stop
                0x0000000008007414       0x28 ../DaisyExamples/libDaisy//build/libdaisy.a(stm32h7xx_hal_hcd.o)
                0x0000000008007414                HAL_HCD_Stop
 .text.I2C_WaitOnTXISFlagUntilTimeout
                0x000000000800743c       0xb8 ../DaisyExamples/libDaisy//build/libdaisy.a(stm32h7xx_hal_i2c.o)
 .text.I2C_WaitOnSTOPFlagUntilTimeout
                0x00000000080074f4       0xac ../DaisyExamples/libDaisy//build/libdaisy.a(stm32h7xx_hal_i2c.o)
 .text.HAL_I2C_Init
                0x00000000080075a0       0xac ../DaisyExamples/libDaisy//build/libdaisy.a(stm32h7xx_hal_i2c.o)
                0x00000000080075a0                HAL_I2C_Init
 .text.HAL_I2C_Mem_Write
                0x000000000800764c      0x254 ../DaisyExamples/libDaisy//build/libdaisy.a(stm32h7xx_hal_i2c.o)
                0x000000000800764c                HAL_I2C_Mem_Write
 .text.HAL_I2C_Mem_Read
                0x00000000080078a0      0x29c ../DaisyExamples/libDaisy//build/libdaisy.a(stm32h7xx_hal_i2c.o)
                0x00000000080078a0                HAL_I2C_Mem_Read
 .text.HAL_I2C_EV_IRQHandler
                0x0000000008007b3c       0x10 ../DaisyExamples/libDaisy//build/libdaisy.a(stm32h7xx_hal_i2c.o)
                0x0000000008007b3c                HAL_I2C_EV_IRQHandler
 .text.HAL_I2C_GetState
                0x0000000008007b4c        0x8 ../DaisyExamples/libDaisy//build/libdaisy.a(stm32h7xx_hal_i2c.o)
                0x0000000008007b4c                HAL_I2C_GetState
 .text.HAL_I2CEx_ConfigAnalogFilter
                0x0000000008007b54       0x54 ../DaisyExamples/libDaisy//build/libdaisy.a(stm32h7xx_hal_i2c_ex.o)
                0x0000000008007b54                HAL_I2CEx_ConfigAnalogFilter
 .text.HAL_I2CEx_ConfigDigitalFilter
                0x0000000008007ba8       0x58 ../DaisyExamples/libDaisy//build/libdaisy.a(stm32h7xx_hal_i2c_ex.o)
                0x0000000008007ba8                HAL_I2CEx_ConfigDigitalFilter
 .text.HAL_PCD_Init
                0x0000000008007c00      0x12c ../DaisyExamples/libDaisy//build/libdaisy.a(stm32h7xx_hal_pcd.o)
                0x0000000008007c00                HAL_PCD_Init
 .text.HAL_PCD_Start
                0x0000000008007d2c       0x44 ../DaisyExamples/libDaisy//build/libdaisy.a(stm32h7xx_hal_pcd.o)
                0x0000000008007d2c                HAL_PCD_Start
 .text.HAL_PCD_IRQHandler
                0x0000000008007d70      0x69c ../DaisyExamples/libDaisy//build/libdaisy.a(stm32h7xx_hal_pcd.o)
                0x0000000008007d70                HAL_PCD_IRQHandler
 .text.HAL_PCD_SetAddress
                0x000000000800840c       0x2c ../DaisyExamples/libDaisy//build/libdaisy.a(stm32h7xx_hal_pcd.o)
                0x000000000800840c                HAL_PCD_SetAddress
 .text.HAL_PCD_EP_Open
                0x0000000008008438       0x7c ../DaisyExamples/libDaisy//build/libdaisy.a(stm32h7xx_hal_pcd.o)
                0x0000000008008438                HAL_PCD_EP_Open
 .text.HAL_PCD_EP_Close
                0x00000000080084b4       0x6c ../DaisyExamples/libDaisy//build/libdaisy.a(stm32h7xx_hal_pcd.o)
                0x00000000080084b4                HAL_PCD_EP_Close
 .text.HAL_PCD_EP_Receive
                0x0000000008008520       0x50 ../DaisyExamples/libDaisy//build/libdaisy.a(stm32h7xx_hal_pcd.o)
                0x0000000008008520                HAL_PCD_EP_Receive
 .text.HAL_PCD_EP_GetRxCount
                0x0000000008008570       0x14 ../DaisyExamples/libDaisy//build/libdaisy.a(stm32h7xx_hal_pcd.o)
                0x0000000008008570                HAL_PCD_EP_GetRxCount
 .text.HAL_PCD_EP_Transmit
                0x0000000008008584       0x50 ../DaisyExamples/libDaisy//build/libdaisy.a(stm32h7xx_hal_pcd.o)
                0x0000000008008584                HAL_PCD_EP_Transmit
 .text.HAL_PCD_EP_SetStall
                0x00000000080085d4       0x88 ../DaisyExamples/libDaisy//build/libdaisy.a(stm32h7xx_hal_pcd.o)
                0x00000000080085d4                HAL_PCD_EP_SetStall
 .text.HAL_PCD_EP_ClrStall
                0x000000000800865c       0x78 ../DaisyExamples/libDaisy//build/libdaisy.a(stm32h7xx_hal_pcd.o)
                0x000000000800865c                HAL_PCD_EP_ClrStall
 .text.HAL_PCDEx_SetTxFiFo
                0x00000000080086d4       0x54 ../DaisyExamples/libDaisy//build/libdaisy.a(stm32h7xx_hal_pcd_ex.o)
                0x00000000080086d4                HAL_PCDEx_SetTxFiFo
 .text.HAL_PCDEx_SetRxFiFo
                0x0000000008008728        0xc ../DaisyExamples/libDaisy//build/libdaisy.a(stm32h7xx_hal_pcd_ex.o)
                0x0000000008008728                HAL_PCDEx_SetRxFiFo
 .text.HAL_PCDEx_ActivateLPM
                0x0000000008008734       0x30 ../DaisyExamples/libDaisy//build/libdaisy.a(stm32h7xx_hal_pcd_ex.o)
                0x0000000008008734                HAL_PCDEx_ActivateLPM
 .text.HAL_PCDEx_LPM_Callback
                0x0000000008008764        0x4 ../DaisyExamples/libDaisy//build/libdaisy.a(stm32h7xx_hal_pcd_ex.o)
                0x0000000008008764                HAL_PCDEx_LPM_Callback
 .text.HAL_PWREx_ConfigSupply
                0x0000000008008768       0x4c ../DaisyExamples/libDaisy//build/libdaisy.a(stm32h7xx_hal_pwr_ex.o)
                0x0000000008008768                HAL_PWREx_ConfigSupply
 .text.HAL_PWREx_EnableUSBVoltageDetector
                0x00000000080087b4       0x10 ../DaisyExamples/libDaisy//build/libdaisy.a(stm32h7xx_hal_pwr_ex.o)
                0x00000000080087b4                HAL_PWREx_EnableUSBVoltageDetector
 .text.QSPI_Config
                0x00000000080087c4      0x174 ../DaisyExamples/libDaisy//build/libdaisy.a(stm32h7xx_hal_qspi.o)
 .text.HAL_QSPI_Init
                0x0000000008008938       0xd8 ../DaisyExamples/libDaisy//build/libdaisy.a(stm32h7xx_hal_qspi.o)
                0x0000000008008938                HAL_QSPI_Init
 .text.HAL_QSPI_DeInit
                0x0000000008008a10       0x3c ../DaisyExamples/libDaisy//build/libdaisy.a(stm32h7xx_hal_qspi.o)
                0x0000000008008a10                HAL_QSPI_DeInit
 .text.HAL_QSPI_Command
                0x0000000008008a4c       0xd4 ../DaisyExamples/libDaisy//build/libdaisy.a(stm32h7xx_hal_qspi.o)
                0x0000000008008a4c                HAL_QSPI_Command
 .text.HAL_QSPI_Transmit
                0x0000000008008b20       0xfc ../DaisyExamples/libDaisy//build/libdaisy.a(stm32h7xx_hal_qspi.o)
                0x0000000008008b20                HAL_QSPI_Transmit
 .text.HAL_QSPI_Receive
                0x0000000008008c1c      0x108 ../DaisyExamples/libDaisy//build/libdaisy.a(stm32h7xx_hal_qspi.o)
                0x0000000008008c1c                HAL_QSPI_Receive
 .text.HAL_QSPI_AutoPolling
                0x0000000008008d24       0xf0 ../DaisyExamples/libDaisy//build/libdaisy.a(stm32h7xx_hal_qspi.o)
                0x0000000008008d24                HAL_QSPI_AutoPolling
 .text.HAL_QSPI_MemoryMapped
                0x0000000008008e14       0xc0 ../DaisyExamples/libDaisy//build/libdaisy.a(stm32h7xx_hal_qspi.o)
                0x0000000008008e14                HAL_QSPI_MemoryMapped
 .text.HAL_QSPI_ErrorCallback
                0x0000000008008ed4        0x4 ../DaisyExamples/libDaisy//build/libdaisy.a(stm32h7xx_hal_qspi.o)
                0x0000000008008ed4                HAL_QSPI_ErrorCallback
 .text.QSPI_DMAAbortCplt
                0x0000000008008ed8       0x38 ../DaisyExamples/libDaisy//build/libdaisy.a(stm32h7xx_hal_qspi.o)
 .text.HAL_QSPI_AbortCpltCallback
                0x0000000008008f10        0x4 ../DaisyExamples/libDaisy//build/libdaisy.a(stm32h7xx_hal_qspi.o)
                0x0000000008008f10                HAL_QSPI_AbortCpltCallback
 .text.HAL_QSPI_CmdCpltCallback
                0x0000000008008f14        0x4 ../DaisyExamples/libDaisy//build/libdaisy.a(stm32h7xx_hal_qspi.o)
                0x0000000008008f14                HAL_QSPI_CmdCpltCallback
 .text.HAL_QSPI_RxCpltCallback
                0x0000000008008f18        0x4 ../DaisyExamples/libDaisy//build/libdaisy.a(stm32h7xx_hal_qspi.o)
                0x0000000008008f18                HAL_QSPI_RxCpltCallback
 .text.HAL_QSPI_TxCpltCallback
                0x0000000008008f1c        0x4 ../DaisyExamples/libDaisy//build/libdaisy.a(stm32h7xx_hal_qspi.o)
                0x0000000008008f1c                HAL_QSPI_TxCpltCallback
 .text.HAL_QSPI_FifoThresholdCallback
                0x0000000008008f20        0x4 ../DaisyExamples/libDaisy//build/libdaisy.a(stm32h7xx_hal_qspi.o)
                0x0000000008008f20                HAL_QSPI_FifoThresholdCallback
 .text.HAL_QSPI_StatusMatchCallback
                0x0000000008008f24        0x4 ../DaisyExamples/libDaisy//build/libdaisy.a(stm32h7xx_hal_qspi.o)
                0x0000000008008f24                HAL_QSPI_StatusMatchCallback
 .text.HAL_QSPI_TimeOutCallback
                0x0000000008008f28        0x4 ../DaisyExamples/libDaisy//build/libdaisy.a(stm32h7xx_hal_qspi.o)
                0x0000000008008f28                HAL_QSPI_TimeOutCallback
 .text.HAL_QSPI_IRQHandler
                0x0000000008008f2c      0x210 ../DaisyExamples/libDaisy//build/libdaisy.a(stm32h7xx_hal_qspi.o)
                0x0000000008008f2c                HAL_QSPI_IRQHandler
 .text.HAL_RCC_OscConfig
                0x000000000800913c      0x51c ../DaisyExamples/libDaisy//build/libdaisy.a(stm32h7xx_hal_rcc.o)
                0x000000000800913c                HAL_RCC_OscConfig
 .text.HAL_RCC_GetSysClockFreq
                0x0000000008009658      0x140 ../DaisyExamples/libDaisy//build/libdaisy.a(stm32h7xx_hal_rcc.o)
                0x0000000008009658                HAL_RCC_GetSysClockFreq
 .text.HAL_RCC_ClockConfig
                0x0000000008009798      0x234 ../DaisyExamples/libDaisy//build/libdaisy.a(stm32h7xx_hal_rcc.o)
                0x0000000008009798                HAL_RCC_ClockConfig
 .text.HAL_RCC_GetHCLKFreq
                0x00000000080099cc       0x2c ../DaisyExamples/libDaisy//build/libdaisy.a(stm32h7xx_hal_rcc.o)
                0x00000000080099cc                HAL_RCC_GetHCLKFreq
 .text.HAL_RCC_GetPCLK1Freq
                0x00000000080099f8       0x38 ../DaisyExamples/libDaisy//build/libdaisy.a(stm32h7xx_hal_rcc.o)
                0x00000000080099f8                HAL_RCC_GetPCLK1Freq
 .text.HAL_RCC_GetPCLK2Freq
                0x0000000008009a30       0x38 ../DaisyExamples/libDaisy//build/libdaisy.a(stm32h7xx_hal_rcc.o)
                0x0000000008009a30                HAL_RCC_GetPCLK2Freq
 .text.RCCEx_PLL2_Config
                0x0000000008009a68       0xf4 ../DaisyExamples/libDaisy//build/libdaisy.a(stm32h7xx_hal_rcc_ex.o)
 .text.RCCEx_PLL3_Config
                0x0000000008009b5c       0xf4 ../DaisyExamples/libDaisy//build/libdaisy.a(stm32h7xx_hal_rcc_ex.o)
 .text.HAL_RCCEx_PeriphCLKConfig
                0x0000000008009c50      0xa7c ../DaisyExamples/libDaisy//build/libdaisy.a(stm32h7xx_hal_rcc_ex.o)
                0x0000000008009c50                HAL_RCCEx_PeriphCLKConfig
 .text.HAL_RCCEx_GetD3PCLK1Freq
                0x000000000800a6cc       0x24 ../DaisyExamples/libDaisy//build/libdaisy.a(stm32h7xx_hal_rcc_ex.o)
                0x000000000800a6cc                HAL_RCCEx_GetD3PCLK1Freq
 .text.HAL_RCCEx_GetPLL2ClockFreq
                0x000000000800a6f0      0x17c ../DaisyExamples/libDaisy//build/libdaisy.a(stm32h7xx_hal_rcc_ex.o)
                0x000000000800a6f0                HAL_RCCEx_GetPLL2ClockFreq
 .text.HAL_RCCEx_GetPLL3ClockFreq
                0x000000000800a86c      0x17c ../DaisyExamples/libDaisy//build/libdaisy.a(stm32h7xx_hal_rcc_ex.o)
                0x000000000800a86c                HAL_RCCEx_GetPLL3ClockFreq
 .text.HAL_RCCEx_GetPLL1ClockFreq
                0x000000000800a9e8      0x17c ../DaisyExamples/libDaisy//build/libdaisy.a(stm32h7xx_hal_rcc_ex.o)
                0x000000000800a9e8                HAL_RCCEx_GetPLL1ClockFreq
 .text.HAL_RCCEx_GetPeriphCLKFreq
                0x000000000800ab64      0x198 ../DaisyExamples/libDaisy//build/libdaisy.a(stm32h7xx_hal_rcc_ex.o)
                0x000000000800ab64                HAL_RCCEx_GetPeriphCLKFreq
 .text.HAL_RCCEx_GetD1SysClockFreq
                0x000000000800acfc       0x2c ../DaisyExamples/libDaisy//build/libdaisy.a(stm32h7xx_hal_rcc_ex.o)
                0x000000000800acfc                HAL_RCCEx_GetD1SysClockFreq
 .text.HAL_SAI_Init.part.0
                0x000000000800ad28      0x348 ../DaisyExamples/libDaisy//build/libdaisy.a(stm32h7xx_hal_sai.o)
 .text.HAL_SAI_InitProtocol
                0x000000000800b070      0x178 ../DaisyExamples/libDaisy//build/libdaisy.a(stm32h7xx_hal_sai.o)
                0x000000000800b070                HAL_SAI_InitProtocol
 .text.HAL_SDRAM_Init
                0x000000000800b1e8       0x54 ../DaisyExamples/libDaisy//build/libdaisy.a(stm32h7xx_hal_sdram.o)
                0x000000000800b1e8                HAL_SDRAM_Init
 .text.HAL_SDRAM_SendCommand
                0x000000000800b23c       0x40 ../DaisyExamples/libDaisy//build/libdaisy.a(stm32h7xx_hal_sdram.o)
                0x000000000800b23c                HAL_SDRAM_SendCommand
 .text.HAL_SDRAM_ProgramRefreshRate
                0x000000000800b27c       0x30 ../DaisyExamples/libDaisy//build/libdaisy.a(stm32h7xx_hal_sdram.o)
                0x000000000800b27c                HAL_SDRAM_ProgramRefreshRate
 .text.HAL_TIM_Base_Init
                0x000000000800b2ac      0x140 ../DaisyExamples/libDaisy//build/libdaisy.a(stm32h7xx_hal_tim.o)
                0x000000000800b2ac                HAL_TIM_Base_Init
 .text.HAL_TIM_Base_Start
                0x000000000800b3ec       0x34 ../DaisyExamples/libDaisy//build/libdaisy.a(stm32h7xx_hal_tim.o)
                0x000000000800b3ec                HAL_TIM_Base_Start
 .text.HAL_TIM_Base_Start_IT
                0x000000000800b420       0x2c ../DaisyExamples/libDaisy//build/libdaisy.a(stm32h7xx_hal_tim.o)
                0x000000000800b420                HAL_TIM_Base_Start_IT
 .text.HAL_TIM_ConfigClockSource
                0x000000000800b44c      0x17c ../DaisyExamples/libDaisy//build/libdaisy.a(stm32h7xx_hal_tim.o)
                0x000000000800b44c                HAL_TIM_ConfigClockSource
 .text.HAL_TIM_OC_DelayElapsedCallback
                0x000000000800b5c8        0x4 ../DaisyExamples/libDaisy//build/libdaisy.a(stm32h7xx_hal_tim.o)
                0x000000000800b5c8                HAL_TIM_OC_DelayElapsedCallback
 .text.HAL_TIM_IC_CaptureCallback
                0x000000000800b5cc        0x4 ../DaisyExamples/libDaisy//build/libdaisy.a(stm32h7xx_hal_tim.o)
                0x000000000800b5cc                HAL_TIM_IC_CaptureCallback
 .text.HAL_TIM_PWM_PulseFinishedCallback
                0x000000000800b5d0        0x4 ../DaisyExamples/libDaisy//build/libdaisy.a(stm32h7xx_hal_tim.o)
                0x000000000800b5d0                HAL_TIM_PWM_PulseFinishedCallback
 .text.HAL_TIM_TriggerCallback
                0x000000000800b5d4        0x4 ../DaisyExamples/libDaisy//build/libdaisy.a(stm32h7xx_hal_tim.o)
                0x000000000800b5d4                HAL_TIM_TriggerCallback
 .text.HAL_TIM_IRQHandler
                0x000000000800b5d8      0x170 ../DaisyExamples/libDaisy//build/libdaisy.a(stm32h7xx_hal_tim.o)
                0x000000000800b5d8                HAL_TIM_IRQHandler
 .text.HAL_TIMEx_MasterConfigSynchronization
                0x000000000800b748       0x64 ../DaisyExamples/libDaisy//build/libdaisy.a(stm32h7xx_hal_tim_ex.o)
                0x000000000800b748                HAL_TIMEx_MasterConfigSynchronization
 .text.HAL_TIMEx_CommutCallback
                0x000000000800b7ac        0x4 ../DaisyExamples/libDaisy//build/libdaisy.a(stm32h7xx_hal_tim_ex.o)
                0x000000000800b7ac                HAL_TIMEx_CommutCallback
 .text.HAL_TIMEx_BreakCallback
                0x000000000800b7b0        0x4 ../DaisyExamples/libDaisy//build/libdaisy.a(stm32h7xx_hal_tim_ex.o)
                0x000000000800b7b0                HAL_TIMEx_BreakCallback
 .text.HAL_TIMEx_Break2Callback
                0x000000000800b7b4        0x4 ../DaisyExamples/libDaisy//build/libdaisy.a(stm32h7xx_hal_tim_ex.o)
                0x000000000800b7b4                HAL_TIMEx_Break2Callback
 .text.FMC_SDRAM_Init
                0x000000000800b7b8       0x7c ../DaisyExamples/libDaisy//build/libdaisy.a(stm32h7xx_ll_fmc.o)
                0x000000000800b7b8                FMC_SDRAM_Init
 .text.FMC_SDRAM_Timing_Init
                0x000000000800b834       0x98 ../DaisyExamples/libDaisy//build/libdaisy.a(stm32h7xx_ll_fmc.o)
                0x000000000800b834                FMC_SDRAM_Timing_Init
 .text.FMC_SDRAM_SendCommand
                0x000000000800b8cc       0x28 ../DaisyExamples/libDaisy//build/libdaisy.a(stm32h7xx_ll_fmc.o)
                0x000000000800b8cc                FMC_SDRAM_SendCommand
 .text.FMC_SDRAM_ProgramRefreshRate
                0x000000000800b8f4       0x1c ../DaisyExamples/libDaisy//build/libdaisy.a(stm32h7xx_ll_fmc.o)
                0x000000000800b8f4                FMC_SDRAM_ProgramRefreshRate
 .text.USB_CoreInit
                0x000000000800b910      0x124 ../DaisyExamples/libDaisy//build/libdaisy.a(stm32h7xx_ll_usb.o)
                0x000000000800b910                USB_CoreInit
 .text.USB_SetTurnaroundTime
                0x000000000800ba34      0x104 ../DaisyExamples/libDaisy//build/libdaisy.a(stm32h7xx_ll_usb.o)
                0x000000000800ba34                USB_SetTurnaroundTime
 .text.USB_EnableGlobalInt
                0x000000000800bb38       0x10 ../DaisyExamples/libDaisy//build/libdaisy.a(stm32h7xx_ll_usb.o)
                0x000000000800bb38                USB_EnableGlobalInt
 .text.USB_DisableGlobalInt
                0x000000000800bb48       0x10 ../DaisyExamples/libDaisy//build/libdaisy.a(stm32h7xx_ll_usb.o)
                0x000000000800bb48                USB_DisableGlobalInt
 .text.USB_SetCurrentMode
                0x000000000800bb58       0x30 ../DaisyExamples/libDaisy//build/libdaisy.a(stm32h7xx_ll_usb.o)
                0x000000000800bb58                USB_SetCurrentMode
 .text.USB_DevInit
                0x000000000800bb88      0x20c ../DaisyExamples/libDaisy//build/libdaisy.a(stm32h7xx_ll_usb.o)
                0x000000000800bb88                USB_DevInit
 .text.USB_FlushTxFifo
                0x000000000800bd94       0x34 ../DaisyExamples/libDaisy//build/libdaisy.a(stm32h7xx_ll_usb.o)
                0x000000000800bd94                USB_FlushTxFifo
 .text.USB_GetDevSpeed
                0x000000000800bdc8       0x24 ../DaisyExamples/libDaisy//build/libdaisy.a(stm32h7xx_ll_usb.o)
                0x000000000800bdc8                USB_GetDevSpeed
 .text.USB_ActivateEndpoint
                0x000000000800bdec       0x90 ../DaisyExamples/libDaisy//build/libdaisy.a(stm32h7xx_ll_usb.o)
                0x000000000800bdec                USB_ActivateEndpoint
 .text.USB_DeactivateEndpoint
                0x000000000800be7c       0x84 ../DaisyExamples/libDaisy//build/libdaisy.a(stm32h7xx_ll_usb.o)
                0x000000000800be7c                USB_DeactivateEndpoint
 .text.USB_EPStartXfer
                0x000000000800bf00      0x230 ../DaisyExamples/libDaisy//build/libdaisy.a(stm32h7xx_ll_usb.o)
                0x000000000800bf00                USB_EPStartXfer
 .text.USB_EP0StartXfer
                0x000000000800c130      0x174 ../DaisyExamples/libDaisy//build/libdaisy.a(stm32h7xx_ll_usb.o)
                0x000000000800c130                USB_EP0StartXfer
 .text.USB_WritePacket
                0x000000000800c2a4       0x2c ../DaisyExamples/libDaisy//build/libdaisy.a(stm32h7xx_ll_usb.o)
                0x000000000800c2a4                USB_WritePacket
 .text.USB_ReadPacket
                0x000000000800c2d0       0x20 ../DaisyExamples/libDaisy//build/libdaisy.a(stm32h7xx_ll_usb.o)
                0x000000000800c2d0                USB_ReadPacket
 .text.USB_EPSetStall
                0x000000000800c2f0       0x68 ../DaisyExamples/libDaisy//build/libdaisy.a(stm32h7xx_ll_usb.o)
                0x000000000800c2f0                USB_EPSetStall
 .text.USB_EPClearStall
                0x000000000800c358       0x58 ../DaisyExamples/libDaisy//build/libdaisy.a(stm32h7xx_ll_usb.o)
                0x000000000800c358                USB_EPClearStall
 .text.USB_SetDevAddress
                0x000000000800c3b0       0x24 ../DaisyExamples/libDaisy//build/libdaisy.a(stm32h7xx_ll_usb.o)
                0x000000000800c3b0                USB_SetDevAddress
 .text.USB_DevConnect
                0x000000000800c3d4       0x1c ../DaisyExamples/libDaisy//build/libdaisy.a(stm32h7xx_ll_usb.o)
                0x000000000800c3d4                USB_DevConnect
 .text.USB_DevDisconnect
                0x000000000800c3f0       0x1c ../DaisyExamples/libDaisy//build/libdaisy.a(stm32h7xx_ll_usb.o)
                0x000000000800c3f0                USB_DevDisconnect
 .text.USB_ReadInterrupts
                0x000000000800c40c       0x14 ../DaisyExamples/libDaisy//build/libdaisy.a(stm32h7xx_ll_usb.o)
                0x000000000800c40c                USB_ReadInterrupts
 .text.USB_ReadDevAllOutEpInterrupt
                0x000000000800c420       0x1c ../DaisyExamples/libDaisy//build/libdaisy.a(stm32h7xx_ll_usb.o)
                0x000000000800c420                USB_ReadDevAllOutEpInterrupt
 .text.USB_ReadDevAllInEpInterrupt
                0x000000000800c43c       0x1c ../DaisyExamples/libDaisy//build/libdaisy.a(stm32h7xx_ll_usb.o)
                0x000000000800c43c                USB_ReadDevAllInEpInterrupt
 .text.USB_ReadDevOutEPInterrupt
                0x000000000800c458       0x1c ../DaisyExamples/libDaisy//build/libdaisy.a(stm32h7xx_ll_usb.o)
                0x000000000800c458                USB_ReadDevOutEPInterrupt
 .text.USB_ReadDevInEPInterrupt
                0x000000000800c474       0x38 ../DaisyExamples/libDaisy//build/libdaisy.a(stm32h7xx_ll_usb.o)
                0x000000000800c474                USB_ReadDevInEPInterrupt
 .text.USB_GetMode
                0x000000000800c4ac        0x8 ../DaisyExamples/libDaisy//build/libdaisy.a(stm32h7xx_ll_usb.o)
                0x000000000800c4ac                USB_GetMode
 .text.USB_ActivateSetup
                0x000000000800c4b4       0x38 ../DaisyExamples/libDaisy//build/libdaisy.a(stm32h7xx_ll_usb.o)
                0x000000000800c4b4                USB_ActivateSetup
 .text.USB_EP0_OutStart
                0x000000000800c4ec       0x58 ../DaisyExamples/libDaisy//build/libdaisy.a(stm32h7xx_ll_usb.o)
                0x000000000800c4ec                USB_EP0_OutStart
 .text.USB_InitFSLSPClkSel
                0x000000000800c544       0x44 ../DaisyExamples/libDaisy//build/libdaisy.a(stm32h7xx_ll_usb.o)
                0x000000000800c544                USB_InitFSLSPClkSel
 .text.USB_HC_ReadInterrupt
                0x000000000800c588        0x8 ../DaisyExamples/libDaisy//build/libdaisy.a(stm32h7xx_ll_usb.o)
                0x000000000800c588                USB_HC_ReadInterrupt
 .text.USB_HC_Halt
                0x000000000800c590       0xc0 ../DaisyExamples/libDaisy//build/libdaisy.a(stm32h7xx_ll_usb.o)
                0x000000000800c590                USB_HC_Halt
 .text.USB_StopHost
                0x000000000800c650      0x2ec ../DaisyExamples/libDaisy//build/libdaisy.a(stm32h7xx_ll_usb.o)
                0x000000000800c650                USB_StopHost
 .text.USBD_CDC_EP0_RxReady
                0x000000000800c93c       0x2c ../DaisyExamples/libDaisy//build/libdaisy.a(usbd_cdc.o)
 .text.USBD_CDC_GetFSCfgDesc
                0x000000000800c968       0x24 ../DaisyExamples/libDaisy//build/libdaisy.a(usbd_cdc.o)
 .text.USBD_CDC_GetHSCfgDesc
                0x000000000800c98c       0x24 ../DaisyExamples/libDaisy//build/libdaisy.a(usbd_cdc.o)
 .text.USBD_CDC_GetOtherSpeedCfgDesc
                0x000000000800c9b0       0x24 ../DaisyExamples/libDaisy//build/libdaisy.a(usbd_cdc.o)
 .text.USBD_CDC_GetDeviceQualifierDescriptor
                0x000000000800c9d4       0x10 ../DaisyExamples/libDaisy//build/libdaisy.a(usbd_cdc.o)
                0x000000000800c9d4                USBD_CDC_GetDeviceQualifierDescriptor
 .text.USBD_CDC_DataOut
                0x000000000800c9e4       0x30 ../DaisyExamples/libDaisy//build/libdaisy.a(usbd_cdc.o)
 .text.USBD_CDC_DataIn
                0x000000000800ca14       0x50 ../DaisyExamples/libDaisy//build/libdaisy.a(usbd_cdc.o)
 .text.USBD_CDC_Setup
                0x000000000800ca64       0xcc ../DaisyExamples/libDaisy//build/libdaisy.a(usbd_cdc.o)
 .text.USBD_CDC_DeInit
                0x000000000800cb30       0x44 ../DaisyExamples/libDaisy//build/libdaisy.a(usbd_cdc.o)
 .text.USBD_CDC_Init
                0x000000000800cb74       0x94 ../DaisyExamples/libDaisy//build/libdaisy.a(usbd_cdc.o)
 .text.USBD_CDC_RegisterInterface
                0x000000000800cc08       0x10 ../DaisyExamples/libDaisy//build/libdaisy.a(usbd_cdc.o)
                0x000000000800cc08                USBD_CDC_RegisterInterface
 .text.USBD_CDC_SetTxBuffer
                0x000000000800cc18       0x14 ../DaisyExamples/libDaisy//build/libdaisy.a(usbd_cdc.o)
                0x000000000800cc18                USBD_CDC_SetTxBuffer
 .text.USBD_CDC_SetRxBuffer
                0x000000000800cc2c       0x10 ../DaisyExamples/libDaisy//build/libdaisy.a(usbd_cdc.o)
                0x000000000800cc2c                USBD_CDC_SetRxBuffer
 .text.USBD_CDC_TransmitPacket
                0x000000000800cc3c       0x34 ../DaisyExamples/libDaisy//build/libdaisy.a(usbd_cdc.o)
                0x000000000800cc3c                USBD_CDC_TransmitPacket
 .text.USBD_CDC_ReceivePacket
                0x000000000800cc70       0x38 ../DaisyExamples/libDaisy//build/libdaisy.a(usbd_cdc.o)
                0x000000000800cc70                USBD_CDC_ReceivePacket
 .text.USBD_Init
                0x000000000800cca8       0x44 ../DaisyExamples/libDaisy//build/libdaisy.a(usbd_core.o)
                0x000000000800cca8                USBD_Init
 .text.USBD_RegisterClass
                0x000000000800ccec       0x2c ../DaisyExamples/libDaisy//build/libdaisy.a(usbd_core.o)
                0x000000000800ccec                USBD_RegisterClass
 .text.USBD_Start
                0x000000000800cd18        0xc ../DaisyExamples/libDaisy//build/libdaisy.a(usbd_core.o)
                0x000000000800cd18                USBD_Start
 .text.USBD_SetClassConfig
                0x000000000800cd24       0x14 ../DaisyExamples/libDaisy//build/libdaisy.a(usbd_core.o)
                0x000000000800cd24                USBD_SetClassConfig
 .text.USBD_ClrClassConfig
                0x000000000800cd38       0x10 ../DaisyExamples/libDaisy//build/libdaisy.a(usbd_core.o)
                0x000000000800cd38                USBD_ClrClassConfig
 .text.USBD_LL_SetupStage
                0x000000000800cd48       0x5c ../DaisyExamples/libDaisy//build/libdaisy.a(usbd_core.o)
                0x000000000800cd48                USBD_LL_SetupStage
 .text.USBD_LL_DataOutStage
                0x000000000800cda4       0x7c ../DaisyExamples/libDaisy//build/libdaisy.a(usbd_core.o)
                0x000000000800cda4                USBD_LL_DataOutStage
 .text.USBD_LL_DataInStage
                0x000000000800ce20       0xcc ../DaisyExamples/libDaisy//build/libdaisy.a(usbd_core.o)
                0x000000000800ce20                USBD_LL_DataInStage
 .text.USBD_LL_Reset
                0x000000000800ceec       0x50 ../DaisyExamples/libDaisy//build/libdaisy.a(usbd_core.o)
                0x000000000800ceec                USBD_LL_Reset
 .text.USBD_LL_SetSpeed
                0x000000000800cf3c        0x8 ../DaisyExamples/libDaisy//build/libdaisy.a(usbd_core.o)
                0x000000000800cf3c                USBD_LL_SetSpeed
 .text.USBD_LL_Suspend
                0x000000000800cf44       0x14 ../DaisyExamples/libDaisy//build/libdaisy.a(usbd_core.o)
                0x000000000800cf44                USBD_LL_Suspend
 .text.USBD_LL_Resume
                0x000000000800cf58       0x10 ../DaisyExamples/libDaisy//build/libdaisy.a(usbd_core.o)
                0x000000000800cf58                USBD_LL_Resume
 .text.USBD_LL_SOF
                0x000000000800cf68       0x1c ../DaisyExamples/libDaisy//build/libdaisy.a(usbd_core.o)
                0x000000000800cf68                USBD_LL_SOF
 .text.USBD_LL_IsoINIncomplete
                0x000000000800cf84        0x4 ../DaisyExamples/libDaisy//build/libdaisy.a(usbd_core.o)
                0x000000000800cf84                USBD_LL_IsoINIncomplete
 .text.USBD_LL_IsoOUTIncomplete
                0x000000000800cf88        0x4 ../DaisyExamples/libDaisy//build/libdaisy.a(usbd_core.o)
                0x000000000800cf88                USBD_LL_IsoOUTIncomplete
 .text.USBD_LL_DevConnected
                0x000000000800cf8c        0x4 ../DaisyExamples/libDaisy//build/libdaisy.a(usbd_core.o)
                0x000000000800cf8c                USBD_LL_DevConnected
 .text.USBD_LL_DevDisconnected
                0x000000000800cf90       0x18 ../DaisyExamples/libDaisy//build/libdaisy.a(usbd_core.o)
                0x000000000800cf90                USBD_LL_DevDisconnected
 .text.USBD_StdDevReq
                0x000000000800cfa8      0x304 ../DaisyExamples/libDaisy//build/libdaisy.a(usbd_ctlreq.o)
                0x000000000800cfa8                USBD_StdDevReq
 .text.USBD_StdItfReq
                0x000000000800d2ac       0x68 ../DaisyExamples/libDaisy//build/libdaisy.a(usbd_ctlreq.o)
                0x000000000800d2ac                USBD_StdItfReq
 .text.USBD_StdEPReq
                0x000000000800d314      0x13c ../DaisyExamples/libDaisy//build/libdaisy.a(usbd_ctlreq.o)
                0x000000000800d314                USBD_StdEPReq
 .text.USBD_ParseSetupRequest
                0x000000000800d450       0x28 ../DaisyExamples/libDaisy//build/libdaisy.a(usbd_ctlreq.o)
                0x000000000800d450                USBD_ParseSetupRequest
 .text.USBD_CtlError
                0x000000000800d478       0x18 ../DaisyExamples/libDaisy//build/libdaisy.a(usbd_ctlreq.o)
                0x000000000800d478                USBD_CtlError
 .text.USBD_GetString
                0x000000000800d490       0x54 ../DaisyExamples/libDaisy//build/libdaisy.a(usbd_ctlreq.o)
                0x000000000800d490                USBD_GetString
 .text.USBD_CtlSendData
                0x000000000800d4e4       0x1c ../DaisyExamples/libDaisy//build/libdaisy.a(usbd_ioreq.o)
                0x000000000800d4e4                USBD_CtlSendData
 .text.USBD_CtlContinueSendData
                0x000000000800d500       0x14 ../DaisyExamples/libDaisy//build/libdaisy.a(usbd_ioreq.o)
                0x000000000800d500                USBD_CtlContinueSendData
 .text.USBD_CtlPrepareRx
                0x000000000800d514       0x1c ../DaisyExamples/libDaisy//build/libdaisy.a(usbd_ioreq.o)
                0x000000000800d514                USBD_CtlPrepareRx
 .text.USBD_CtlContinueRx
                0x000000000800d530       0x14 ../DaisyExamples/libDaisy//build/libdaisy.a(usbd_ioreq.o)
                0x000000000800d530                USBD_CtlContinueRx
 .text.USBD_CtlSendStatus
                0x000000000800d544       0x18 ../DaisyExamples/libDaisy//build/libdaisy.a(usbd_ioreq.o)
                0x000000000800d544                USBD_CtlSendStatus
 .text.USBD_CtlReceiveStatus
                0x000000000800d55c       0x18 ../DaisyExamples/libDaisy//build/libdaisy.a(usbd_ioreq.o)
                0x000000000800d55c                USBD_CtlReceiveStatus
 .text.USBH_LL_IncTimer
                0x000000000800d574       0x20 ../DaisyExamples/libDaisy//build/libdaisy.a(usbh_core.o)
                0x000000000800d574                USBH_LL_IncTimer
 .text.USBH_LL_PortEnabled
                0x000000000800d594        0x8 ../DaisyExamples/libDaisy//build/libdaisy.a(usbh_core.o)
                0x000000000800d594                USBH_LL_PortEnabled
 .text.USBH_LL_PortDisabled
                0x000000000800d59c        0x8 ../DaisyExamples/libDaisy//build/libdaisy.a(usbh_core.o)
                0x000000000800d59c                USBH_LL_PortDisabled
 .text.USBH_LL_Connect
                0x000000000800d5a4       0x18 ../DaisyExamples/libDaisy//build/libdaisy.a(usbh_core.o)
                0x000000000800d5a4                USBH_LL_Connect
 .text.USBH_LL_Disconnect
                0x000000000800d5bc       0x2c ../DaisyExamples/libDaisy//build/libdaisy.a(usbh_core.o)
                0x000000000800d5bc                USBH_LL_Disconnect
 .text.USBH_FreePipe
                0x000000000800d5e8       0x18 ../DaisyExamples/libDaisy//build/libdaisy.a(usbh_pipes.o)
                0x000000000800d5e8                USBH_FreePipe
 .text._ZN5daisy6Random4InitEv
                0x000000000800d600       0x3c ../DaisyExamples/libDaisy//build/libdaisy.a(rng.o)
                0x000000000800d600                daisy::Random::Init()
 .text._ZN5daisy9SpiHandle4Impl7InitDmaEv
                0x000000000800d63c       0xec ../DaisyExamples/libDaisy//build/libdaisy.a(spi.o)
                0x000000000800d63c                daisy::SpiHandle::Impl::InitDma()
 .text._ZN5daisy9SpiHandle4Impl10StartDmaTxEPhjPFvPvEPFvS3_NS0_6ResultEES3_
                0x000000000800d728       0xc8 ../DaisyExamples/libDaisy//build/libdaisy.a(spi.o)
                0x000000000800d728                daisy::SpiHandle::Impl::StartDmaTx(unsigned char*, unsigned int, void (*)(void*), void (*)(void*, daisy::SpiHandle::Result), void*)
 .text._ZN5daisy9SpiHandle4Impl10StartDmaRxEPhjPFvPvEPFvS3_NS0_6ResultEES3_
                0x000000000800d7f0       0xc8 ../DaisyExamples/libDaisy//build/libdaisy.a(spi.o)